Archive member included to satisfy reference by file (symbol)

app/libapp.a(main.c.obj)      (--whole-archive)
zephyr/libzephyr.a(cbprintf_packaged.c.obj)
                              (--whole-archive)
zephyr/libzephyr.a(dec.c.obj)
                              (--whole-archive)
zephyr/libzephyr.a(fdtable.c.obj)
                              (--whole-archive)
zephyr/libzephyr.a(hex.c.obj)
                              (--whole-archive)
zephyr/libzephyr.a(printk.c.obj)
                              (--whole-archive)
zephyr/libzephyr.a(rb.c.obj)  (--whole-archive)
zephyr/libzephyr.a(sem.c.obj)
                              (--whole-archive)
zephyr/libzephyr.a(thread_entry.c.obj)
                              (--whole-archive)
zephyr/libzephyr.a(timeutil.c.obj)
                              (--whole-archive)
zephyr/libzephyr.a(heap.c.obj)
                              (--whole-archive)
zephyr/libzephyr.a(heap-validate.c.obj)
                              (--whole-archive)
zephyr/libzephyr.a(bitarray.c.obj)
                              (--whole-archive)
zephyr/libzephyr.a(multi_heap.c.obj)
                              (--whole-archive)
zephyr/libzephyr.a(crc32c_sw.c.obj)
                              (--whole-archive)
zephyr/libzephyr.a(crc32_sw.c.obj)
                              (--whole-archive)
zephyr/libzephyr.a(crc16_sw.c.obj)
                              (--whole-archive)
zephyr/libzephyr.a(crc8_sw.c.obj)
                              (--whole-archive)
zephyr/libzephyr.a(crc7_sw.c.obj)
                              (--whole-archive)
zephyr/libzephyr.a(cbprintf_complete.c.obj)
                              (--whole-archive)
zephyr/libzephyr.a(cbprintf.c.obj)
                              (--whole-archive)
zephyr/libzephyr.a(assert.c.obj)
                              (--whole-archive)
zephyr/libzephyr.a(configs.c.obj)
                              (--whole-archive)
zephyr/libzephyr.a(soc.c.obj)
                              (--whole-archive)
zephyr/libzephyr.a(tracing_none.c.obj)
                              (--whole-archive)
zephyr/arch/common/libarch__common.a(sw_isr_common.c.obj)
                              (--whole-archive)
zephyr/arch/arch/arm/core/aarch32/libarch__arm__core__aarch32.a(cpu_idle.S.obj)
                              (--whole-archive)
zephyr/arch/arch/arm/core/aarch32/libarch__arm__core__aarch32.a(fatal.c.obj)
                              (--whole-archive)
zephyr/arch/arch/arm/core/aarch32/libarch__arm__core__aarch32.a(irq_manage.c.obj)
                              (--whole-archive)
zephyr/arch/arch/arm/core/aarch32/libarch__arm__core__aarch32.a(nmi.c.obj)
                              (--whole-archive)
zephyr/arch/arch/arm/core/aarch32/libarch__arm__core__aarch32.a(nmi_on_reset.S.obj)
                              (--whole-archive)
zephyr/arch/arch/arm/core/aarch32/libarch__arm__core__aarch32.a(prep_c.c.obj)
                              (--whole-archive)
zephyr/arch/arch/arm/core/aarch32/libarch__arm__core__aarch32.a(swap.c.obj)
                              (--whole-archive)
zephyr/arch/arch/arm/core/aarch32/libarch__arm__core__aarch32.a(swap_helper.S.obj)
                              (--whole-archive)
zephyr/arch/arch/arm/core/aarch32/libarch__arm__core__aarch32.a(thread.c.obj)
                              (--whole-archive)
zephyr/arch/arch/arm/core/aarch32/libarch__arm__core__aarch32.a(isr_wrapper.S.obj)
                              (--whole-archive)
zephyr/arch/arch/arm/core/aarch32/cortex_m/libarch__arm__core__aarch32__cortex_m.a(exc_exit.S.obj)
                              (--whole-archive)
zephyr/arch/arch/arm/core/aarch32/cortex_m/libarch__arm__core__aarch32__cortex_m.a(fault.c.obj)
                              (--whole-archive)
zephyr/arch/arch/arm/core/aarch32/cortex_m/libarch__arm__core__aarch32__cortex_m.a(fault_s.S.obj)
                              (--whole-archive)
zephyr/arch/arch/arm/core/aarch32/cortex_m/libarch__arm__core__aarch32__cortex_m.a(fpu.c.obj)
                              (--whole-archive)
zephyr/arch/arch/arm/core/aarch32/cortex_m/libarch__arm__core__aarch32__cortex_m.a(irq_init.c.obj)
                              (--whole-archive)
zephyr/arch/arch/arm/core/aarch32/cortex_m/libarch__arm__core__aarch32__cortex_m.a(reset.S.obj)
                              (--whole-archive)
zephyr/arch/arch/arm/core/aarch32/cortex_m/libarch__arm__core__aarch32__cortex_m.a(scb.c.obj)
                              (--whole-archive)
zephyr/arch/arch/arm/core/aarch32/cortex_m/libarch__arm__core__aarch32__cortex_m.a(thread_abort.c.obj)
                              (--whole-archive)
zephyr/arch/arch/arm/core/aarch32/cortex_m/libarch__arm__core__aarch32__cortex_m.a(vector_table.S.obj)
                              (--whole-archive)
zephyr/arch/arch/arm/core/aarch32/mpu/libarch__arm__core__aarch32__mpu.a(arm_core_mpu.c.obj)
                              (--whole-archive)
zephyr/arch/arch/arm/core/aarch32/mpu/libarch__arm__core__aarch32__mpu.a(arm_mpu.c.obj)
[...]
Memory Configuration

Name             Origin             Length             Attributes
FLASH            0x0000000010000000 0x0000000000200000 xr
RAM              0x0000000008000000 0x0000000000100000 xw
IDT_LIST         0x00000000fffff7ff 0x0000000000000800 xw
*default*        0x0000000000000000 0xffffffffffffffff

Linker script and memory map

LOAD zephyr/CMakeFiles/zephyr_pre0.dir/misc/empty_file.c.obj
LOAD zephyr/CMakeFiles/offsets.dir/./arch/arm/core/offsets/offsets.c.obj
LOAD app/libapp.a
LOAD zephyr/libzephyr.a
LOAD zephyr/arch/common/libarch__common.a
LOAD zephyr/arch/arch/arm/core/aarch32/libarch__arm__core__aarch32.a
LOAD zephyr/arch/arch/arm/core/aarch32/cortex_m/libarch__arm__core__aarch32__cortex_m.a
LOAD zephyr/arch/arch/arm/core/aarch32/mpu/libarch__arm__core__aarch32__mpu.a
LOAD zephyr/lib/libc/minimal/liblib__libc__minimal.a
LOAD zephyr/lib/libc/common/liblib__libc__common.a
LOAD zephyr/soc/arm/common/cortex_m/libsoc__arm__common__cortex_m.a
LOAD zephyr/drivers/clock_control/libdrivers__clock_control.a
LOAD zephyr/drivers/console/libdrivers__console.a
LOAD zephyr/drivers/gpio/libdrivers__gpio.a
LOAD zephyr/drivers/pinctrl/libdrivers__pinctrl.a
LOAD zephyr/drivers/serial/libdrivers__serial.a
LOAD zephyr/drivers/timer/libdrivers__timer.a
LOAD modules/hal_infineon/libmodules_hal_infineon.a
LOAD zephyr/kernel/libkernel.a
LOAD c:/users/udayakumar/zephyr-sdk-0.16.1/arm-zephyr-eabi/bin/../lib/gcc/arm-zephyr-eabi/12.2.0/thumb/v7e-m/nofp\libgcc.a
LOAD zephyr/arch/common/libisr_tables.a
                0x0000000000000020                _region_min_align = 0x20

.rel.plt        0x0000000010000000        0x0
 *(SORT_BY_ALIGNMENT(.rel.plt))
                [!provide]                        PROVIDE (__rel_iplt_start = .)
 *(SORT_BY_ALIGNMENT(.rel.iplt))
 .rel.iplt      0x0000000010000000        0x0 app/libapp.a(main.c.obj)
                [!provide]                        PROVIDE (__rel_iplt_end = .)

.rela.plt       0x0000000000000000        0x0
 *(SORT_BY_ALIGNMENT(.rela.plt))
                [!provide]                        PROVIDE (__rela_iplt_start = .)
 *(SORT_BY_ALIGNMENT(.rela.iplt))
                [!provide]                        PROVIDE (__rela_iplt_end = .)

.rel.dyn
 *(SORT_BY_ALIGNMENT(.rel.*))

.rela.dyn
 *(SORT_BY_ALIGNMENT(.rela.*))

/DISCARD/
 *(SORT_BY_ALIGNMENT(.plt))

/DISCARD/
 *(SORT_BY_ALIGNMENT(.iplt))
                0x0000000010000000                __rom_region_start = 0x10000000

rom_start       0x0000000010000000     0x22e0
                0x0000000010000000                __rom_start_address = .
                0x0000000010000000                . = (. + (0x0 - (. - __rom_start_address)))
                0x0000000010000000                . = ALIGN (0x4)
                0x0000000010000000                . = ALIGN (0x4)
                0x0000000010000000                __cy_m0p_code_start = .
 *(SORT_BY_ALIGNMENT(.cy_m0p_image))
 .cy_m0p_image  0x0000000010000000     0x1850 modules/hal_infineon/libmodules_hal_infineon.a(psoc6_cm0p_sleep.c.obj)
                0x0000000010000000                cy_m0p_image
                0x0000000000002000                . = 0x2000
 *fill*         0x0000000010001850      0x7b0 
                0x0000000010002000                __cy_m0p_code_end = .
                0x0000000010002000                . = ALIGN (0x80)
                0x0000000010002000                . = ALIGN (0x400)
                0x0000000010002000                _vector_start = .
 *(SORT_BY_ALIGNMENT(.exc_vector_table))
 *(SORT_BY_ALIGNMENT(.exc_vector_table.*))
 .exc_vector_table._vector_table_section
                0x0000000010002000       0x40 zephyr/arch/arch/arm/core/aarch32/cortex_m/libarch__arm__core__aarch32__cortex_m.a(vector_table.S.obj)
                0x0000000010002000                _vector_table
 *(SORT_BY_ALIGNMENT(.vectors))
                0x00000000100022e0                _vector_end = .
                0x0000000010002040                . = ALIGN (0x4)
 *(SORT_BY_ALIGNMENT(.gnu.linkonce.irq_vector_table*))
 .gnu.linkonce.irq_vector_table
                0x0000000010002040      0x2a0 zephyr/arch/common/libisr_tables.a(isr_tables.c.obj)
                0x0000000010002040                _irq_vector_table
                0x00000000100022e0                _vector_end = .

text            0x00000000100022e0     0x6ccc
                0x00000000100022e0                __text_region_start = .
 *(SORT_BY_ALIGNMENT(.text))
 .text          0x00000000100022e0       0x20 modules/hal_infineon/libmodules_hal_infineon.a(cy_syslib_gcc.S.obj)
                0x00000000100022e0                Cy_SysLib_DelayCycles
                0x00000000100022f2                Cy_SysLib_EnterCriticalSection
                0x00000000100022fa                Cy_SysLib_ExitCriticalSection
 .text          0x0000000010002300       0xa0 c:/users/udayakumar/zephyr-sdk-0.16.1/arm-zephyr-eabi/bin/../lib/gcc/arm-zephyr-eabi/12.2.0/thumb/v7e-m/nofp\libgcc.a(_aeabi_ldivmod.o)
                0x0000000010002300                __aeabi_ldivmod
 .text          0x00000000100023a0       0x30 c:/users/udayakumar/zephyr-sdk-0.16.1/arm-zephyr-eabi/bin/../lib/gcc/arm-zephyr-eabi/12.2.0/thumb/v7e-m/nofp\libgcc.a(_aeabi_uldivmod.o)
                0x00000000100023a0                __aeabi_uldivmod
 .text          0x00000000100023d0        0x4 c:/users/udayakumar/zephyr-sdk-0.16.1/arm-zephyr-eabi/bin/../lib/gcc/arm-zephyr-eabi/12.2.0/thumb/v7e-m/nofp\libgcc.a(_dvmd_tls.o)
                0x00000000100023d0                __aeabi_idiv0
                0x00000000100023d0                __aeabi_ldiv0
 .text          0x00000000100023d4      0x2a0 c:/users/udayakumar/zephyr-sdk-0.16.1/arm-zephyr-eabi/bin/../lib/gcc/arm-zephyr-eabi/12.2.0/thumb/v7e-m/nofp\libgcc.a(_udivmoddi4.o)
                0x00000000100023d4                __udivmoddi4
 *(SORT_BY_ALIGNMENT(.text.*))
 *fill*         0x0000000010002674        0x4 
 .text.Cy_SysClk_FllConfigure
                0x0000000010002678      0x2dc modules/hal_infineon/libmodules_hal_infineon.a(cy_sysclk.c.obj)
                0x0000000010002678                Cy_SysClk_FllConfigure
 .text.button_pressed
                0x0000000010002954       0x18 app/libapp.a(main.c.obj)
                0x0000000010002954                button_pressed
 .text.main     0x000000001000296c      0x15c app/libapp.a(main.c.obj)
                0x000000001000296c                main
 .text.char_out
                0x0000000010002ac8        0xc zephyr/libzephyr.a(printk.c.obj)
 .text.__printk_hook_install
                0x0000000010002ad4        0xc zephyr/libzephyr.a(printk.c.obj)
                0x0000000010002ad4                __printk_hook_install
 .text.vprintk  0x0000000010002ae0       0x1c zephyr/libzephyr.a(printk.c.obj)
                0x0000000010002ae0                vprintk
 .text.z_cbvprintf_impl
                0x0000000010002afc      0x764 zephyr/libzephyr.a(cbprintf_complete.c.obj)
                0x0000000010002afc                z_cbvprintf_impl
 .text.z_isr_install
                0x0000000010003260       0x14 zephyr/arch/common/libarch__common.a(sw_isr_common.c.obj)
                0x0000000010003260                z_isr_install
 .text.z_arm_cpu_idle_init
                0x0000000010003274        0xc zephyr/arch/arch/arm/core/aarch32/libarch__arm__core__aarch32.a(cpu_idle.S.obj)
                0x0000000010003274                z_arm_cpu_idle_init
 .text.arch_cpu_idle
                0x0000000010003280       0x1c zephyr/arch/arch/arm/core/aarch32/libarch__arm__core__aarch32.a(cpu_idle.S.obj)
                0x0000000010003280                arch_cpu_idle
 .text.__NVIC_SetPriority
                0x000000001000329c       0x28 zephyr/arch/arch/arm/core/aarch32/libarch__arm__core__aarch32.a(irq_manage.c.obj)
 .text.z_SysNmiOnReset
                0x00000000100032c4        0x8 zephyr/arch/arch/arm/core/aarch32/libarch__arm__core__aarch32.a(nmi_on_reset.S.obj)
                0x00000000100032c4                z_SysNmiOnReset
 .text.z_arm_prep_c
                0x00000000100032cc       0x48 zephyr/arch/arch/arm/core/aarch32/libarch__arm__core__aarch32.a(prep_c.c.obj)
                0x00000000100032cc                z_arm_prep_c
 .text.arch_swap
                0x0000000010003314       0x34 zephyr/arch/arch/arm/core/aarch32/libarch__arm__core__aarch32.a(swap.c.obj)
                0x0000000010003314                arch_swap
 .text.z_arm_pendsv
                0x0000000010003348       0x54 zephyr/arch/arch/arm/core/aarch32/libarch__arm__core__aarch32.a(swap_helper.S.obj)
                0x0000000010003348                z_arm_pendsv
 .text.z_arm_svc
                0x000000001000339c       0x20 zephyr/arch/arch/arm/core/aarch32/libarch__arm__core__aarch32.a(swap_helper.S.obj)
                0x000000001000339c                z_arm_svc
 .text.arch_new_thread
                0x00000000100033bc       0x38 zephyr/arch/arch/arm/core/aarch32/libarch__arm__core__aarch32.a(thread.c.obj)
                0x00000000100033bc                arch_new_thread
 .text.z_check_thread_stack_fail
                0x00000000100033f4       0x2c zephyr/arch/arch/arm/core/aarch32/libarch__arm__core__aarch32.a(thread.c.obj)
                0x00000000100033f4                z_check_thread_stack_fail
 .text.arch_switch_to_main_thread
                0x0000000010003420       0x2c zephyr/arch/arch/arm/core/aarch32/libarch__arm__core__aarch32.a(thread.c.obj)
                0x0000000010003420                arch_switch_to_main_thread
 .text._isr_wrapper
                0x000000001000344c       0x28 zephyr/arch/arch/arm/core/aarch32/libarch__arm__core__aarch32.a(isr_wrapper.S.obj)
                0x000000001000344c                _isr_wrapper
 .text._HandlerModeExit
                0x0000000010003474       0x1c zephyr/arch/arch/arm/core/aarch32/cortex_m/libarch__arm__core__aarch32__cortex_m.a(exc_exit.S.obj)
                0x0000000010003474                z_arm_int_exit
                0x0000000010003474                z_arm_exc_exit
 .text.mem_manage_fault
                0x0000000010003490       0xa0 zephyr/arch/arch/arm/core/aarch32/cortex_m/libarch__arm__core__aarch32__cortex_m.a(fault.c.obj)
 .text.usage_fault.constprop.0
                0x0000000010003530       0x54 zephyr/arch/arch/arm/core/aarch32/cortex_m/libarch__arm__core__aarch32__cortex_m.a(fault.c.obj)
 .text.bus_fault.constprop.0
                0x0000000010003584       0x6c zephyr/arch/arch/arm/core/aarch32/cortex_m/libarch__arm__core__aarch32__cortex_m.a(fault.c.obj)
 .text.z_arm_fault
                0x00000000100035f0      0x11c zephyr/arch/arch/arm/core/aarch32/cortex_m/libarch__arm__core__aarch32__cortex_m.a(fault.c.obj)
                0x00000000100035f0                z_arm_fault
 .text.z_arm_fault_init
                0x000000001000370c       0x10 zephyr/arch/arch/arm/core/aarch32/cortex_m/libarch__arm__core__aarch32__cortex_m.a(fault.c.obj)
                0x000000001000370c                z_arm_fault_init
 .text.__fault  0x000000001000371c       0x14 zephyr/arch/arch/arm/core/aarch32/cortex_m/libarch__arm__core__aarch32__cortex_m.a(fault_s.S.obj)
                0x000000001000371c                z_arm_usage_fault
                0x000000001000371c                z_arm_mpu_fault
                0x000000001000371c                z_arm_exc_spurious
                0x000000001000371c                z_arm_debug_monitor
                0x000000001000371c                z_arm_hard_fault
                0x000000001000371c                z_arm_bus_fault
 .text.z_arm_interrupt_init
                0x0000000010003730       0x18 zephyr/arch/arch/arm/core/aarch32/cortex_m/libarch__arm__core__aarch32__cortex_m.a(irq_init.c.obj)
                0x0000000010003730                z_arm_interrupt_init
 .text._reset_section
                0x0000000010003748       0x2c zephyr/arch/arch/arm/core/aarch32/cortex_m/libarch__arm__core__aarch32__cortex_m.a(reset.S.obj)
                0x0000000010003748                __start
                0x0000000010003748                z_arm_reset
 .text.z_impl_k_thread_abort
                0x0000000010003774       0x2c zephyr/arch/arch/arm/core/aarch32/cortex_m/libarch__arm__core__aarch32__cortex_m.a(thread_abort.c.obj)
                0x0000000010003774                z_impl_k_thread_abort
 .text.z_arm_configure_static_mpu_regions
                0x00000000100037a0       0x18 zephyr/arch/arch/arm/core/aarch32/mpu/libarch__arm__core__aarch32__mpu.a(arm_core_mpu.c.obj)
                0x00000000100037a0                z_arm_configure_static_mpu_regions
 .text.z_arm_configure_dynamic_mpu_regions
                0x00000000100037b8       0x20 zephyr/arch/arch/arm/core/aarch32/mpu/libarch__arm__core__aarch32__mpu.a(arm_core_mpu.c.obj)
                0x00000000100037b8                z_arm_configure_dynamic_mpu_regions
 .text.mpu_configure_regions
                0x00000000100037d8       0x88 zephyr/arch/arch/arm/core/aarch32/mpu/libarch__arm__core__aarch32__mpu.a(arm_mpu.c.obj)
 .text.arm_core_mpu_enable
                0x0000000010003860       0x18 zephyr/arch/arch/arm/core/aarch32/mpu/libarch__arm__core__aarch32__mpu.a(arm_mpu.c.obj)
                0x0000000010003860                arm_core_mpu_enable
 .text.arm_core_mpu_disable
                0x0000000010003878       0x14 zephyr/arch/arch/arm/core/aarch32/mpu/libarch__arm__core__aarch32__mpu.a(arm_mpu.c.obj)
                0x0000000010003878                arm_core_mpu_disable
 .text.arm_core_mpu_configure_static_mpu_regions
                0x000000001000388c       0x14 zephyr/arch/arch/arm/core/aarch32/mpu/libarch__arm__core__aarch32__mpu.a(arm_mpu.c.obj)
                0x000000001000388c                arm_core_mpu_configure_static_mpu_regions
 .text.arm_core_mpu_configure_dynamic_mpu_regions
                0x00000000100038a0       0x30 zephyr/arch/arch/arm/core/aarch32/mpu/libarch__arm__core__aarch32__mpu.a(arm_mpu.c.obj)
                0x00000000100038a0                arm_core_mpu_configure_dynamic_mpu_regions
 .text.z_arm_mpu_init
                0x00000000100038d0       0x60 zephyr/arch/arch/arm/core/aarch32/mpu/libarch__arm__core__aarch32__mpu.a(arm_mpu.c.obj)
                0x00000000100038d0                z_arm_mpu_init
 .text.__stdout_hook_install
                0x0000000010003930        0xc zephyr/lib/libc/minimal/liblib__libc__minimal.a(stdout_console.c.obj)
                0x0000000010003930                __stdout_hook_install
 .text._get_hal_obj_from_ord
                0x000000001000393c       0x28 zephyr/drivers/clock_control/libdrivers__clock_control.a(clock_control_ifx_cat1.c.obj)
 .text.clock_control_infineon_cat1_init
                0x0000000010003964      0x144 zephyr/drivers/clock_control/libdrivers__clock_control.a(clock_control_ifx_cat1.c.obj)
 .text.uart_console_init
                0x0000000010003aa8       0x28 zephyr/drivers/console/libdrivers__console.a(uart_console.c.obj)
 .text.console_out
                0x0000000010003ad0       0x28 zephyr/drivers/console/libdrivers__console.a(uart_console.c.obj)
 .text.gpio_cat1_pin_interrupt_configure
                0x0000000010003af8       0x98 zephyr/drivers/gpio/libdrivers__gpio.a(gpio_ifx_cat1.c.obj)
 .text.gpio_cat1_configure
                0x0000000010003b90       0xc0 zephyr/drivers/gpio/libdrivers__gpio.a(gpio_ifx_cat1.c.obj)
 .text.gpio_event_callback
                0x0000000010003c50       0x40 zephyr/drivers/gpio/libdrivers__gpio.a(gpio_ifx_cat1.c.obj)
 .text.pinctrl_configure_pins
                0x0000000010003c90       0x98 zephyr/drivers/pinctrl/libdrivers__pinctrl.a(pinctrl_ifx_cat1.c.obj)
                0x0000000010003c90                pinctrl_configure_pins
 .text.ifx_cat1_uart_init
                0x0000000010003d28       0xb4 zephyr/drivers/serial/libdrivers__serial.a(uart_ifx_cat1.c.obj)
 .text.elapsed  0x0000000010003ddc       0x3c zephyr/drivers/timer/libdrivers__timer.a(cortex_m_systick.c.obj)
 .text.sys_clock_driver_init
                0x0000000010003e18       0x34 zephyr/drivers/timer/libdrivers__timer.a(cortex_m_systick.c.obj)
 .text.sys_clock_isr
                0x0000000010003e4c       0x54 zephyr/drivers/timer/libdrivers__timer.a(cortex_m_systick.c.obj)
                0x0000000010003e4c                sys_clock_isr
 .text.sys_clock_set_timeout
                0x0000000010003ea0       0xf4 zephyr/drivers/timer/libdrivers__timer.a(cortex_m_systick.c.obj)
                0x0000000010003ea0                sys_clock_set_timeout
 .text.sys_clock_elapsed
                0x0000000010003f94       0x3c zephyr/drivers/timer/libdrivers__timer.a(cortex_m_systick.c.obj)
                0x0000000010003f94                sys_clock_elapsed
 .text.sys_clock_cycle_get_32
                0x0000000010003fd0       0x2c zephyr/drivers/timer/libdrivers__timer.a(cortex_m_systick.c.obj)
                0x0000000010003fd0                sys_clock_cycle_get_32
 .text.Cy_PDL_Init
                0x0000000010003ffc        0xc modules/hal_infineon/libmodules_hal_infineon.a(cy_device.c.obj)
                0x0000000010003ffc                Cy_PDL_Init
 .text.SystemCoreClockUpdate
                0x0000000010004008       0x6c modules/hal_infineon/libmodules_hal_infineon.a(system_psoc6_cm4.c.obj)
                0x0000000010004008                SystemCoreClockUpdate
 .text.SystemInit
                0x0000000010004074       0x38 modules/hal_infineon/libmodules_hal_infineon.a(system_psoc6_cm4.c.obj)
                0x0000000010004074                SystemInit
 .text.Cy_SCB_UART_Init
                0x00000000100040ac      0x26c modules/hal_infineon/libmodules_hal_infineon.a(cy_scb_uart.c.obj)
                0x00000000100040ac                Cy_SCB_UART_Init
 .text.Cy_IPC_Drv_GetIpcBaseAddress
                0x0000000010004318       0x20 modules/hal_infineon/libmodules_hal_infineon.a(cy_flash.c.obj)
 .text.Cy_Flash_ProcessOpcode
                0x0000000010004338       0xa8 modules/hal_infineon/libmodules_hal_infineon.a(cy_flash.c.obj)
 .text.Cy_Flash_OperationStatus
                0x00000000100043e0       0x40 modules/hal_infineon/libmodules_hal_infineon.a(cy_flash.c.obj)
 .text.Cy_GPIO_SetHSIOM
                0x0000000010004420       0x5c modules/hal_infineon/libmodules_hal_infineon.a(cy_gpio.c.obj)
                0x0000000010004420                Cy_GPIO_SetHSIOM
 .text.Cy_GPIO_Pin_FastInit
                0x000000001000447c       0x70 modules/hal_infineon/libmodules_hal_infineon.a(cy_gpio.c.obj)
                0x000000001000447c                Cy_GPIO_Pin_FastInit
 .text.Cy_GPIO_GetHSIOM
                0x00000000100044ec       0x44 modules/hal_infineon/libmodules_hal_infineon.a(cy_gpio.c.obj)
                0x00000000100044ec                Cy_GPIO_GetHSIOM
 .text.Cy_GPIO_SetInterruptEdge
                0x0000000010004530       0x34 modules/hal_infineon/libmodules_hal_infineon.a(cy_gpio.c.obj)
                0x0000000010004530                Cy_GPIO_SetInterruptEdge
 .text.Cy_GPIO_GetInterruptEdge
                0x0000000010004564       0x20 modules/hal_infineon/libmodules_hal_infineon.a(cy_gpio.c.obj)
                0x0000000010004564                Cy_GPIO_GetInterruptEdge
 .text.Cy_IPC_Drv_LockRelease
                0x0000000010004584       0x2c modules/hal_infineon/libmodules_hal_infineon.a(cy_ipc_drv.c.obj)
                0x0000000010004584                Cy_IPC_Drv_LockRelease
 .text.Cy_IPC_Drv_SendMsgWord
                0x00000000100045b0       0x20 modules/hal_infineon/libmodules_hal_infineon.a(cy_ipc_drv.c.obj)
                0x00000000100045b0                Cy_IPC_Drv_SendMsgWord
 .text.Cy_IPC_Drv_ReadMsgWord
                0x00000000100045d0       0x24 modules/hal_infineon/libmodules_hal_infineon.a(cy_ipc_drv.c.obj)
                0x00000000100045d0                Cy_IPC_Drv_ReadMsgWord
 .text.Cy_IPC_Pipe_Config
                0x00000000100045f4       0x10 modules/hal_infineon/libmodules_hal_infineon.a(cy_ipc_pipe.c.obj)
                0x00000000100045f4                Cy_IPC_Pipe_Config
 .text.Cy_IPC_Pipe_EndpointInit
                0x0000000010004604       0x90 modules/hal_infineon/libmodules_hal_infineon.a(cy_ipc_pipe.c.obj)
                0x0000000010004604                Cy_IPC_Pipe_EndpointInit
 .text.Cy_IPC_Pipe_Init
                0x0000000010004694       0x80 modules/hal_infineon/libmodules_hal_infineon.a(cy_ipc_pipe.c.obj)
                0x0000000010004694                Cy_IPC_Pipe_Init
 .text.Cy_IPC_Pipe_SendMessage
                0x0000000010004714       0x6c modules/hal_infineon/libmodules_hal_infineon.a(cy_ipc_pipe.c.obj)
                0x0000000010004714                Cy_IPC_Pipe_SendMessage
 .text.Cy_IPC_Pipe_ExecCallback
                0x0000000010004780       0x98 modules/hal_infineon/libmodules_hal_infineon.a(cy_ipc_pipe.c.obj)
                0x0000000010004780                Cy_IPC_Pipe_ExecCallback
 .text.Cy_IPC_Pipe_ExecuteCallback
                0x0000000010004818       0x18 modules/hal_infineon/libmodules_hal_infineon.a(cy_ipc_pipe.c.obj)
                0x0000000010004818                Cy_IPC_Pipe_ExecuteCallback
 .text.Cy_IPC_Drv_GetIpcBaseAddress
                0x0000000010004830       0x20 modules/hal_infineon/libmodules_hal_infineon.a(cy_ipc_sema.c.obj)
 .text.Cy_IPC_Sema_InitExt
                0x0000000010004850       0x68 modules/hal_infineon/libmodules_hal_infineon.a(cy_ipc_sema.c.obj)
                0x0000000010004850                Cy_IPC_Sema_InitExt
 .text.Cy_IPC_Sema_Init
                0x00000000100048b8       0x34 modules/hal_infineon/libmodules_hal_infineon.a(cy_ipc_sema.c.obj)
                0x00000000100048b8                Cy_IPC_Sema_Init
 .text.Cy_IPC_Sema_Clear
                0x00000000100048ec       0x88 modules/hal_infineon/libmodules_hal_infineon.a(cy_ipc_sema.c.obj)
                0x00000000100048ec                Cy_IPC_Sema_Clear
 .text.Cy_IPC_Sema_Status
                0x0000000010004974       0x3c modules/hal_infineon/libmodules_hal_infineon.a(cy_ipc_sema.c.obj)
                0x0000000010004974                Cy_IPC_Sema_Status
 .text.Cy_SysClk_PeriphSetDivider
                0x00000000100049b0       0x5c modules/hal_infineon/libmodules_hal_infineon.a(cy_sysclk.c.obj)
                0x00000000100049b0                Cy_SysClk_PeriphSetDivider
 .text.Cy_SysClk_PeriphGetDivider
                0x0000000010004a0c       0x44 modules/hal_infineon/libmodules_hal_infineon.a(cy_sysclk.c.obj)
                0x0000000010004a0c                Cy_SysClk_PeriphGetDivider
 .text.Cy_SysClk_PeriphSetFracDivider
                0x0000000010004a50       0x98 modules/hal_infineon/libmodules_hal_infineon.a(cy_sysclk.c.obj)
                0x0000000010004a50                Cy_SysClk_PeriphSetFracDivider
 .text.Cy_SysClk_PeriphGetFracDivider
                0x0000000010004ae8       0x68 modules/hal_infineon/libmodules_hal_infineon.a(cy_sysclk.c.obj)
                0x0000000010004ae8                Cy_SysClk_PeriphGetFracDivider
 .text.Cy_SysClk_PeriphAssignDivider
                0x0000000010004b50       0x58 modules/hal_infineon/libmodules_hal_infineon.a(cy_sysclk.c.obj)
                0x0000000010004b50                Cy_SysClk_PeriphAssignDivider
 .text.Cy_SysClk_PeriphEnableDivider
                0x0000000010004ba8       0x70 modules/hal_infineon/libmodules_hal_infineon.a(cy_sysclk.c.obj)
                0x0000000010004ba8                Cy_SysClk_PeriphEnableDivider
 .text.Cy_SysClk_PeriphDisableDivider
                0x0000000010004c18       0x50 modules/hal_infineon/libmodules_hal_infineon.a(cy_sysclk.c.obj)
                0x0000000010004c18                Cy_SysClk_PeriphDisableDivider
 .text.Cy_SysClk_PeriphGetDividerEnabled
                0x0000000010004c68       0x64 modules/hal_infineon/libmodules_hal_infineon.a(cy_sysclk.c.obj)
                0x0000000010004c68                Cy_SysClk_PeriphGetDividerEnabled
 .text.Cy_SysClk_ClkSlowSetDivider
                0x0000000010004ccc       0x1c modules/hal_infineon/libmodules_hal_infineon.a(cy_sysclk.c.obj)
                0x0000000010004ccc                Cy_SysClk_ClkSlowSetDivider
 .text.Cy_SysClk_ClkSlowGetDivider
                0x0000000010004ce8       0x18 modules/hal_infineon/libmodules_hal_infineon.a(cy_sysclk.c.obj)
                0x0000000010004ce8                Cy_SysClk_ClkSlowGetDivider
 .text.Cy_SysClk_ClkPumpSetSource
                0x0000000010004d00       0x24 modules/hal_infineon/libmodules_hal_infineon.a(cy_sysclk.c.obj)
                0x0000000010004d00                Cy_SysClk_ClkPumpSetSource
 .text.Cy_SysClk_ClkPumpGetSource
                0x0000000010004d24       0x10 modules/hal_infineon/libmodules_hal_infineon.a(cy_sysclk.c.obj)
                0x0000000010004d24                Cy_SysClk_ClkPumpGetSource
 .text.Cy_SysClk_ClkPumpSetDivider
                0x0000000010004d34       0x24 modules/hal_infineon/libmodules_hal_infineon.a(cy_sysclk.c.obj)
                0x0000000010004d34                Cy_SysClk_ClkPumpSetDivider
 .text.Cy_SysClk_ClkPumpGetDivider
                0x0000000010004d58       0x10 modules/hal_infineon/libmodules_hal_infineon.a(cy_sysclk.c.obj)
                0x0000000010004d58                Cy_SysClk_ClkPumpGetDivider
 .text.Cy_SysClk_ClkPumpEnable
                0x0000000010004d68       0x14 modules/hal_infineon/libmodules_hal_infineon.a(cy_sysclk.c.obj)
                0x0000000010004d68                Cy_SysClk_ClkPumpEnable
 .text.Cy_SysClk_ClkPumpIsEnabled
                0x0000000010004d7c       0x10 modules/hal_infineon/libmodules_hal_infineon.a(cy_sysclk.c.obj)
                0x0000000010004d7c                Cy_SysClk_ClkPumpIsEnabled
 .text.Cy_SysClk_ClkPumpDisable
                0x0000000010004d8c       0x14 modules/hal_infineon/libmodules_hal_infineon.a(cy_sysclk.c.obj)
                0x0000000010004d8c                Cy_SysClk_ClkPumpDisable
 .text.Cy_SysClk_ClkBakSetSource
                0x0000000010004da0       0x20 modules/hal_infineon/libmodules_hal_infineon.a(cy_sysclk.c.obj)
                0x0000000010004da0                Cy_SysClk_ClkBakSetSource
 .text.Cy_SysClk_ClkBakGetSource
                0x0000000010004dc0       0x10 modules/hal_infineon/libmodules_hal_infineon.a(cy_sysclk.c.obj)
                0x0000000010004dc0                Cy_SysClk_ClkBakGetSource
 .text.Cy_SysClk_ClkTimerSetSource
                0x0000000010004dd0       0x2c modules/hal_infineon/libmodules_hal_infineon.a(cy_sysclk.c.obj)
                0x0000000010004dd0                Cy_SysClk_ClkTimerSetSource
 .text.Cy_SysClk_ClkTimerSetDivider
                0x0000000010004dfc       0x18 modules/hal_infineon/libmodules_hal_infineon.a(cy_sysclk.c.obj)
                0x0000000010004dfc                Cy_SysClk_ClkTimerSetDivider
 .text.Cy_SysClk_ClkTimerEnable
                0x0000000010004e14       0x14 modules/hal_infineon/libmodules_hal_infineon.a(cy_sysclk.c.obj)
                0x0000000010004e14                Cy_SysClk_ClkTimerEnable
 .text.Cy_SysClk_ClkTimerIsEnabled
                0x0000000010004e28       0x10 modules/hal_infineon/libmodules_hal_infineon.a(cy_sysclk.c.obj)
                0x0000000010004e28                Cy_SysClk_ClkTimerIsEnabled
 .text.Cy_SysClk_ClkTimerDisable
                0x0000000010004e38       0x14 modules/hal_infineon/libmodules_hal_infineon.a(cy_sysclk.c.obj)
                0x0000000010004e38                Cy_SysClk_ClkTimerDisable
 .text.Cy_SysClk_ClkLfSetSource
                0x0000000010004e4c       0x20 modules/hal_infineon/libmodules_hal_infineon.a(cy_sysclk.c.obj)
                0x0000000010004e4c                Cy_SysClk_ClkLfSetSource
 .text.Cy_SysClk_ClkLfGetSource
                0x0000000010004e6c       0x10 modules/hal_infineon/libmodules_hal_infineon.a(cy_sysclk.c.obj)
                0x0000000010004e6c                Cy_SysClk_ClkLfGetSource
 .text.Cy_SysClk_ClkPeriSetDivider
                0x0000000010004e7c       0x1c modules/hal_infineon/libmodules_hal_infineon.a(cy_sysclk.c.obj)
                0x0000000010004e7c                Cy_SysClk_ClkPeriSetDivider
 .text.Cy_SysClk_ClkPeriGetDivider
                0x0000000010004e98       0x14 modules/hal_infineon/libmodules_hal_infineon.a(cy_sysclk.c.obj)
                0x0000000010004e98                Cy_SysClk_ClkPeriGetDivider
 .text.Cy_SysClk_ClkFastSetDivider
                0x0000000010004eac       0x1c modules/hal_infineon/libmodules_hal_infineon.a(cy_sysclk.c.obj)
                0x0000000010004eac                Cy_SysClk_ClkFastSetDivider
 .text.Cy_SysClk_ClkFastGetDivider
                0x0000000010004ec8       0x18 modules/hal_infineon/libmodules_hal_infineon.a(cy_sysclk.c.obj)
                0x0000000010004ec8                Cy_SysClk_ClkFastGetDivider
 .text.Cy_SysClk_ClkHfEnable
                0x0000000010004ee0       0x34 modules/hal_infineon/libmodules_hal_infineon.a(cy_sysclk.c.obj)
                0x0000000010004ee0                Cy_SysClk_ClkHfEnable
 .text.Cy_SysClk_ClkHfIsEnabled
                0x0000000010004f14       0x24 modules/hal_infineon/libmodules_hal_infineon.a(cy_sysclk.c.obj)
                0x0000000010004f14                Cy_SysClk_ClkHfIsEnabled
 .text.Cy_SysClk_ClkHfDisable
                0x0000000010004f38       0x34 modules/hal_infineon/libmodules_hal_infineon.a(cy_sysclk.c.obj)
                0x0000000010004f38                Cy_SysClk_ClkHfDisable
 .text.Cy_SysClk_ClkHfSetSource
                0x0000000010004f6c       0x38 modules/hal_infineon/libmodules_hal_infineon.a(cy_sysclk.c.obj)
                0x0000000010004f6c                Cy_SysClk_ClkHfSetSource
 .text.Cy_SysClk_ClkHfGetSource
                0x0000000010004fa4       0x24 modules/hal_infineon/libmodules_hal_infineon.a(cy_sysclk.c.obj)
                0x0000000010004fa4                Cy_SysClk_ClkHfGetSource
 .text.Cy_SysClk_ClkHfSetDivider
                0x0000000010004fc8       0x3c modules/hal_infineon/libmodules_hal_infineon.a(cy_sysclk.c.obj)
                0x0000000010004fc8                Cy_SysClk_ClkHfSetDivider
 .text.Cy_SysClk_ClkHfGetDivider
                0x0000000010005004       0x24 modules/hal_infineon/libmodules_hal_infineon.a(cy_sysclk.c.obj)
                0x0000000010005004                Cy_SysClk_ClkHfGetDivider
 .text.Cy_SysClk_WcoOkay
                0x0000000010005028       0x10 modules/hal_infineon/libmodules_hal_infineon.a(cy_sysclk.c.obj)
                0x0000000010005028                Cy_SysClk_WcoOkay
 .text.Cy_SysClk_WcoEnable
                0x0000000010005038       0x38 modules/hal_infineon/libmodules_hal_infineon.a(cy_sysclk.c.obj)
                0x0000000010005038                Cy_SysClk_WcoEnable
 .text.Cy_SysClk_WcoDisable
                0x0000000010005070       0x10 modules/hal_infineon/libmodules_hal_infineon.a(cy_sysclk.c.obj)
                0x0000000010005070                Cy_SysClk_WcoDisable
 .text.Cy_SysClk_IloEnable
                0x0000000010005080       0x14 modules/hal_infineon/libmodules_hal_infineon.a(cy_sysclk.c.obj)
                0x0000000010005080                Cy_SysClk_IloEnable
 .text.Cy_SysClk_IloIsEnabled
                0x0000000010005094       0x10 modules/hal_infineon/libmodules_hal_infineon.a(cy_sysclk.c.obj)
                0x0000000010005094                Cy_SysClk_IloIsEnabled
 .text.Cy_SysClk_IloDisable
                0x00000000100050a4       0x24 modules/hal_infineon/libmodules_hal_infineon.a(cy_sysclk.c.obj)
                0x00000000100050a4                Cy_SysClk_IloDisable
 .text.Cy_SysClk_ExtClkSetFrequency
                0x00000000100050c8       0x14 modules/hal_infineon/libmodules_hal_infineon.a(cy_sysclk.c.obj)
                0x00000000100050c8                Cy_SysClk_ExtClkSetFrequency
 .text.Cy_SysClk_ExtClkGetFrequency
                0x00000000100050dc        0xc modules/hal_infineon/libmodules_hal_infineon.a(cy_sysclk.c.obj)
                0x00000000100050dc                Cy_SysClk_ExtClkGetFrequency
 .text.Cy_SysClk_EcoDisable
                0x00000000100050e8       0x14 modules/hal_infineon/libmodules_hal_infineon.a(cy_sysclk.c.obj)
                0x00000000100050e8                Cy_SysClk_EcoDisable
 .text.Cy_SysClk_EcoGetStatus
                0x00000000100050fc       0x20 modules/hal_infineon/libmodules_hal_infineon.a(cy_sysclk.c.obj)
                0x00000000100050fc                Cy_SysClk_EcoGetStatus
 .text.Cy_SysClk_EcoEnable
                0x000000001000511c       0x60 modules/hal_infineon/libmodules_hal_infineon.a(cy_sysclk.c.obj)
                0x000000001000511c                Cy_SysClk_EcoEnable
 .text.Cy_SysClk_EcoGetFrequency
                0x000000001000517c       0x18 modules/hal_infineon/libmodules_hal_infineon.a(cy_sysclk.c.obj)
                0x000000001000517c                Cy_SysClk_EcoGetFrequency
 .text.Cy_SysClk_ClkPathSetSource
                0x0000000010005194       0x50 modules/hal_infineon/libmodules_hal_infineon.a(cy_sysclk.c.obj)
                0x0000000010005194                Cy_SysClk_ClkPathSetSource
 .text.Cy_SysClk_ClkPathGetSource
                0x00000000100051e4       0x38 modules/hal_infineon/libmodules_hal_infineon.a(cy_sysclk.c.obj)
                0x00000000100051e4                Cy_SysClk_ClkPathGetSource
 .text.Cy_SysClk_ClkPathMuxGetFrequency
                0x000000001000521c       0x7c modules/hal_infineon/libmodules_hal_infineon.a(cy_sysclk.c.obj)
                0x000000001000521c                Cy_SysClk_ClkPathMuxGetFrequency
 .text.Cy_SysClk_FllIsEnabled
                0x0000000010005298       0x10 modules/hal_infineon/libmodules_hal_infineon.a(cy_sysclk.c.obj)
                0x0000000010005298                Cy_SysClk_FllIsEnabled
 .text.Cy_SysClk_FllDisable
                0x00000000100052a8       0x34 modules/hal_infineon/libmodules_hal_infineon.a(cy_sysclk.c.obj)
                0x00000000100052a8                Cy_SysClk_FllDisable
 .text.Cy_SysClk_FllManualConfigure
                0x00000000100052dc       0xf0 modules/hal_infineon/libmodules_hal_infineon.a(cy_sysclk.c.obj)
                0x00000000100052dc                Cy_SysClk_FllManualConfigure
 .text.Cy_SysClk_FllGetConfiguration
                0x00000000100053cc       0x58 modules/hal_infineon/libmodules_hal_infineon.a(cy_sysclk.c.obj)
                0x00000000100053cc                Cy_SysClk_FllGetConfiguration
 .text.Cy_SysClk_FllEnable
                0x0000000010005424       0x8c modules/hal_infineon/libmodules_hal_infineon.a(cy_sysclk.c.obj)
                0x0000000010005424                Cy_SysClk_FllEnable
 .text.Cy_SysClk_PllIsEnabled
                0x00000000100054b0       0x28 modules/hal_infineon/libmodules_hal_infineon.a(cy_sysclk.c.obj)
                0x00000000100054b0                Cy_SysClk_PllIsEnabled
 .text.Cy_SysClk_PllDisable
                0x00000000100054d8       0x4c modules/hal_infineon/libmodules_hal_infineon.a(cy_sysclk.c.obj)
                0x00000000100054d8                Cy_SysClk_PllDisable
 .text.Cy_SysClk_PllManualConfigure
                0x0000000010005524       0x98 modules/hal_infineon/libmodules_hal_infineon.a(cy_sysclk.c.obj)
                0x0000000010005524                Cy_SysClk_PllManualConfigure
 .text.Cy_SysClk_PllGetConfiguration
                0x00000000100055bc       0x4c modules/hal_infineon/libmodules_hal_infineon.a(cy_sysclk.c.obj)
                0x00000000100055bc                Cy_SysClk_PllGetConfiguration
 .text.Cy_SysClk_PllConfigure
                0x0000000010005608      0x17c modules/hal_infineon/libmodules_hal_infineon.a(cy_sysclk.c.obj)
                0x0000000010005608                Cy_SysClk_PllConfigure
 .text.Cy_SysClk_PllEnable
                0x0000000010005784       0x9c modules/hal_infineon/libmodules_hal_infineon.a(cy_sysclk.c.obj)
                0x0000000010005784                Cy_SysClk_PllEnable
 .text.Cy_SysClk_FllGetFrequency
                0x0000000010005820       0x5c modules/hal_infineon/libmodules_hal_infineon.a(cy_sysclk.c.obj)
                0x0000000010005820                Cy_SysClk_FllGetFrequency
 .text.Cy_SysClk_PllGetFrequency
                0x000000001000587c       0x84 modules/hal_infineon/libmodules_hal_infineon.a(cy_sysclk.c.obj)
                0x000000001000587c                Cy_SysClk_PllGetFrequency
 .text.Cy_SysClk_ClkPathGetFrequency
                0x0000000010005900       0x3c modules/hal_infineon/libmodules_hal_infineon.a(cy_sysclk.c.obj)
                0x0000000010005900                Cy_SysClk_ClkPathGetFrequency
 .text.Cy_SysClk_ClkTimerGetFrequency
                0x000000001000593c       0x78 modules/hal_infineon/libmodules_hal_infineon.a(cy_sysclk.c.obj)
                0x000000001000593c                Cy_SysClk_ClkTimerGetFrequency
 .text.Cy_SysLib_Delay
                0x00000000100059b4       0x30 modules/hal_infineon/libmodules_hal_infineon.a(cy_syslib.c.obj)
                0x00000000100059b4                Cy_SysLib_Delay
 .text.Cy_SysLib_DelayUs
                0x00000000100059e4       0x10 modules/hal_infineon/libmodules_hal_infineon.a(cy_syslib.c.obj)
                0x00000000100059e4                Cy_SysLib_DelayUs
 .text.Cy_SysLib_SetWaitStates
                0x00000000100059f4       0xc0 modules/hal_infineon/libmodules_hal_infineon.a(cy_syslib.c.obj)
                0x00000000100059f4                Cy_SysLib_SetWaitStates
 .text.Cy_SysPm_LdoGetVoltage
                0x0000000010005ab4       0x20 modules/hal_infineon/libmodules_hal_infineon.a(cy_syspm.c.obj)
                0x0000000010005ab4                Cy_SysPm_LdoGetVoltage
 .text.Cy_SysPm_LdoIsEnabled
                0x0000000010005ad4       0x14 modules/hal_infineon/libmodules_hal_infineon.a(cy_syspm.c.obj)
                0x0000000010005ad4                Cy_SysPm_LdoIsEnabled
 .text.Cy_SysPm_ReadStatus
                0x0000000010005ae8       0x74 modules/hal_infineon/libmodules_hal_infineon.a(cy_syspm.c.obj)
                0x0000000010005ae8                Cy_SysPm_ReadStatus
 .text.Cy_SysTick_SetClockSource
                0x0000000010005b5c       0x34 modules/hal_infineon/libmodules_hal_infineon.a(cy_systick.c.obj)
                0x0000000010005b5c                Cy_SysTick_SetClockSource
 .text.Cy_TrigMux_Connect
                0x0000000010005b90       0xa8 modules/hal_infineon/libmodules_hal_infineon.a(cy_trigmux.c.obj)
                0x0000000010005b90                Cy_TrigMux_Connect
 .text.Cy_TrigMux_Select
                0x0000000010005c38       0x98 modules/hal_infineon/libmodules_hal_infineon.a(cy_trigmux.c.obj)
                0x0000000010005c38                Cy_TrigMux_Select
 .text.Cy_TrigMux_Deselect
                0x0000000010005cd0       0x7c modules/hal_infineon/libmodules_hal_infineon.a(cy_trigmux.c.obj)
                0x0000000010005cd0                Cy_TrigMux_Deselect
 .text._cyhal_uart_init_hw
                0x0000000010005d4c       0x88 modules/hal_infineon/libmodules_hal_infineon.a(cyhal_uart.c.obj)
 .text._cyhal_uart_pm_callback_instance
                0x0000000010005dd4      0x124 modules/hal_infineon/libmodules_hal_infineon.a(cyhal_uart.c.obj)
 .text.cyhal_uart_set_baud
                0x0000000010005ef8      0x108 modules/hal_infineon/libmodules_hal_infineon.a(cyhal_uart.c.obj)
                0x0000000010005ef8                cyhal_uart_set_baud
 .text.cyhal_uart_getc
                0x0000000010006000       0x4c modules/hal_infineon/libmodules_hal_infineon.a(cyhal_uart.c.obj)
                0x0000000010006000                cyhal_uart_getc
 .text.cyhal_uart_putc
                0x000000001000604c       0x24 modules/hal_infineon/libmodules_hal_infineon.a(cyhal_uart.c.obj)
                0x000000001000604c                cyhal_uart_putc
 .text.cyhal_uart_enable_flow_control
                0x0000000010006070       0xb8 modules/hal_infineon/libmodules_hal_infineon.a(cyhal_uart.c.obj)
                0x0000000010006070                cyhal_uart_enable_flow_control
 .text._cyhal_scb_pm_callback_index
                0x0000000010006128       0x28 modules/hal_infineon/libmodules_hal_infineon.a(cyhal_scb_common.c.obj)
 .text._cyhal_scb_pm_callback_common
                0x0000000010006150       0x6c modules/hal_infineon/libmodules_hal_infineon.a(cyhal_scb_common.c.obj)
 .text._cyhal_scb_get_irq_obj
                0x00000000100061bc       0x74 modules/hal_infineon/libmodules_hal_infineon.a(cyhal_scb_common.c.obj)
                0x00000000100061bc                _cyhal_scb_get_irq_obj
 .text._cyhal_scb_pm_transition_pending
                0x0000000010006230        0xc modules/hal_infineon/libmodules_hal_infineon.a(cyhal_scb_common.c.obj)
                0x0000000010006230                _cyhal_scb_pm_transition_pending
 .text._cyhal_scb_update_instance_data
                0x000000001000623c       0x50 modules/hal_infineon/libmodules_hal_infineon.a(cyhal_scb_common.c.obj)
                0x000000001000623c                _cyhal_scb_update_instance_data
 .text._cyhal_clock_set_enabled_unsupported
                0x000000001000628c        0xc modules/hal_infineon/libmodules_hal_infineon.a(cyhal_clock.c.obj)
 .text._cyhal_clock_set_frequency_unsupported
                0x0000000010006298        0xc modules/hal_infineon/libmodules_hal_infineon.a(cyhal_clock.c.obj)
 .text._cyhal_clock_set_divider_unsupported
                0x00000000100062a4        0xc modules/hal_infineon/libmodules_hal_infineon.a(cyhal_clock.c.obj)
 .text._cyhal_clock_set_source_unsupported
                0x00000000100062b0        0xc modules/hal_infineon/libmodules_hal_infineon.a(cyhal_clock.c.obj)
 .text._cyhal_clock_get_frequency_imo
                0x00000000100062bc        0x8 modules/hal_infineon/libmodules_hal_infineon.a(cyhal_clock.c.obj)
 .text._cyhal_clock_is_enabled_eco
                0x00000000100062c4       0x10 modules/hal_infineon/libmodules_hal_infineon.a(cyhal_clock.c.obj)
 .text._cyhal_clock_is_enabled_wco
                0x00000000100062d4       0x10 modules/hal_infineon/libmodules_hal_infineon.a(cyhal_clock.c.obj)
 .text._cyhal_clock_get_sources_pathmux
                0x00000000100062e4       0x10 modules/hal_infineon/libmodules_hal_infineon.a(cyhal_clock.c.obj)
 .text._cyhal_clock_get_sources_fll
                0x00000000100062f4       0x10 modules/hal_infineon/libmodules_hal_infineon.a(cyhal_clock.c.obj)
 .text._cyhal_clock_get_sources_pll
                0x0000000010006304       0x18 modules/hal_infineon/libmodules_hal_infineon.a(cyhal_clock.c.obj)
 .text._cyhal_clock_get_sources_hf
                0x000000001000631c       0x10 modules/hal_infineon/libmodules_hal_infineon.a(cyhal_clock.c.obj)
 .text._cyhal_clock_get_sources_lf
                0x000000001000632c       0x10 modules/hal_infineon/libmodules_hal_infineon.a(cyhal_clock.c.obj)
 .text._cyhal_clock_get_sources_fast
                0x000000001000633c       0x10 modules/hal_infineon/libmodules_hal_infineon.a(cyhal_clock.c.obj)
 .text._cyhal_clock_get_sources_slow
                0x000000001000634c       0x10 modules/hal_infineon/libmodules_hal_infineon.a(cyhal_clock.c.obj)
 .text._cyhal_clock_get_sources_peri
                0x000000001000635c       0x10 modules/hal_infineon/libmodules_hal_infineon.a(cyhal_clock.c.obj)
 .text._cyhal_clock_get_sources_timer
                0x000000001000636c       0x10 modules/hal_infineon/libmodules_hal_infineon.a(cyhal_clock.c.obj)
 .text._cyhal_clock_get_sources_bak
                0x000000001000637c       0x10 modules/hal_infineon/libmodules_hal_infineon.a(cyhal_clock.c.obj)
 .text._cyhal_clock_get_sources_alt_sys_tick
                0x000000001000638c       0x10 modules/hal_infineon/libmodules_hal_infineon.a(cyhal_clock.c.obj)
 .text._cyhal_clock_update_system_state
                0x000000001000639c       0x40 modules/hal_infineon/libmodules_hal_infineon.a(cyhal_clock.c.obj)
 .text._cyhal_clock_set_source_pathmux
                0x00000000100063dc       0xac modules/hal_infineon/libmodules_hal_infineon.a(cyhal_clock.c.obj)
 .text._cyhal_clock_set_source_lf
                0x0000000010006488       0x24 modules/hal_infineon/libmodules_hal_infineon.a(cyhal_clock.c.obj)
 .text._cyhal_clock_set_source_pump
                0x00000000100064ac       0x2c modules/hal_infineon/libmodules_hal_infineon.a(cyhal_clock.c.obj)
 .text._cyhal_clock_set_divider_pump
                0x00000000100064d8       0x40 modules/hal_infineon/libmodules_hal_infineon.a(cyhal_clock.c.obj)
 .text._cyhal_clock_set_source_bak
                0x0000000010006518       0x24 modules/hal_infineon/libmodules_hal_infineon.a(cyhal_clock.c.obj)
 .text._cyhal_clock_set_source_alt_sys_tick
                0x000000001000653c       0x70 modules/hal_infineon/libmodules_hal_infineon.a(cyhal_clock.c.obj)
 .text._cyhal_clock_set_source_hf
                0x00000000100065ac       0x74 modules/hal_infineon/libmodules_hal_infineon.a(cyhal_clock.c.obj)
 .text._cyhal_clock_set_divider_hf
                0x0000000010006620       0x78 modules/hal_infineon/libmodules_hal_infineon.a(cyhal_clock.c.obj)
 .text._cyhal_clock_set_frequency_fll
                0x0000000010006698       0xc4 modules/hal_infineon/libmodules_hal_infineon.a(cyhal_clock.c.obj)
 .text._cyhal_clock_set_enabled_fll
                0x000000001000675c       0xb8 modules/hal_infineon/libmodules_hal_infineon.a(cyhal_clock.c.obj)
 .text._cyhal_clock_compute_div
                0x0000000010006814       0x40 modules/hal_infineon/libmodules_hal_infineon.a(cyhal_clock.c.obj)
 .text._cyhal_clock_set_source_timer
                0x0000000010006854       0x24 modules/hal_infineon/libmodules_hal_infineon.a(cyhal_clock.c.obj)
 .text._cyhal_clock_set_divider_timer
                0x0000000010006878       0x1c modules/hal_infineon/libmodules_hal_infineon.a(cyhal_clock.c.obj)
 .text._cyhal_clock_set_enabled_eco
                0x0000000010006894       0x58 modules/hal_infineon/libmodules_hal_infineon.a(cyhal_clock.c.obj)
 .text._cyhal_clock_set_enabled_wco
                0x00000000100068ec       0x24 modules/hal_infineon/libmodules_hal_infineon.a(cyhal_clock.c.obj)
 .text._cyhal_clock_set_divider_fast
                0x0000000010006910       0x20 modules/hal_infineon/libmodules_hal_infineon.a(cyhal_clock.c.obj)
 .text._cyhal_clock_set_divider_peri
                0x0000000010006930       0x20 modules/hal_infineon/libmodules_hal_infineon.a(cyhal_clock.c.obj)
 .text._cyhal_clock_set_divider_slow
                0x0000000010006950       0x20 modules/hal_infineon/libmodules_hal_infineon.a(cyhal_clock.c.obj)
 .text._cyhal_clock_get_sources_peripheral
                0x0000000010006970       0x10 modules/hal_infineon/libmodules_hal_infineon.a(cyhal_clock.c.obj)
 .text._cyhal_clock_get_funcs_peripheral
                0x0000000010006980        0x8 modules/hal_infineon/libmodules_hal_infineon.a(cyhal_clock.c.obj)
                0x0000000010006980                _cyhal_clock_get_funcs_peripheral
 .text._cyhal_clock_allocate_channel
                0x0000000010006988       0x58 modules/hal_infineon/libmodules_hal_infineon.a(cyhal_clock.c.obj)
                0x0000000010006988                _cyhal_clock_allocate_channel
 .text.cyhal_clock_get
                0x00000000100069e0       0x3c modules/hal_infineon/libmodules_hal_infineon.a(cyhal_clock.c.obj)
                0x00000000100069e0                cyhal_clock_get
 .text.cyhal_clock_set_frequency
                0x0000000010006a1c       0x24 modules/hal_infineon/libmodules_hal_infineon.a(cyhal_clock.c.obj)
                0x0000000010006a1c                cyhal_clock_set_frequency
 .text.cyhal_clock_set_source
                0x0000000010006a40       0x24 modules/hal_infineon/libmodules_hal_infineon.a(cyhal_clock.c.obj)
                0x0000000010006a40                cyhal_clock_set_source
 .text.Cy_GPIO_PortToAddr
                0x0000000010006a64       0x18 modules/hal_infineon/libmodules_hal_infineon.a(cyhal_gpio.c.obj)
 .text._cyhal_gpio_irq_handler
                0x0000000010006a7c       0x90 modules/hal_infineon/libmodules_hal_infineon.a(cyhal_gpio.c.obj)
 .text.cyhal_gpio_register_callback
                0x0000000010006b0c       0x4c modules/hal_infineon/libmodules_hal_infineon.a(cyhal_gpio.c.obj)
                0x0000000010006b0c                cyhal_gpio_register_callback
 .text.cyhal_gpio_enable_event
                0x0000000010006b58       0x74 modules/hal_infineon/libmodules_hal_infineon.a(cyhal_gpio.c.obj)
                0x0000000010006b58                cyhal_gpio_enable_event
 .text.cyhal_gpio_disconnect_digital
                0x0000000010006bcc       0x5c modules/hal_infineon/libmodules_hal_infineon.a(cyhal_gpio.c.obj)
                0x0000000010006bcc                cyhal_gpio_disconnect_digital
 .text.cyhal_gpio_disable_output
                0x0000000010006c28       0x38 modules/hal_infineon/libmodules_hal_infineon.a(cyhal_gpio.c.obj)
                0x0000000010006c28                cyhal_gpio_disable_output
 .text.cyhal_gpio_free
                0x0000000010006c60       0x88 modules/hal_infineon/libmodules_hal_infineon.a(cyhal_gpio.c.obj)
                0x0000000010006c60                cyhal_gpio_free
 .text._cyhal_get_block_offsets
                0x0000000010006ce8       0x74 modules/hal_infineon/libmodules_hal_infineon.a(cyhal_hwmgr.c.obj)
 .text._cyhal_get_block_offset_length
                0x0000000010006d5c       0x48 modules/hal_infineon/libmodules_hal_infineon.a(cyhal_hwmgr.c.obj)
 .text._cyhal_get_bit_position
                0x0000000010006da4       0x9c modules/hal_infineon/libmodules_hal_infineon.a(cyhal_hwmgr.c.obj)
 .text.cyhal_hwmgr_reserve
                0x0000000010006e40       0x80 modules/hal_infineon/libmodules_hal_infineon.a(cyhal_hwmgr.c.obj)
                0x0000000010006e40                cyhal_hwmgr_reserve
 .text.cyhal_hwmgr_free
                0x0000000010006ec0       0x48 modules/hal_infineon/libmodules_hal_infineon.a(cyhal_hwmgr.c.obj)
                0x0000000010006ec0                cyhal_hwmgr_free
 .text._cyhal_interconnect_check_connection
                0x0000000010006f08      0x164 modules/hal_infineon/libmodules_hal_infineon.a(cyhal_interconnect.c.obj)
 .text.cyhal_connect_pin
                0x000000001000706c       0x50 modules/hal_infineon/libmodules_hal_infineon.a(cyhal_interconnect.c.obj)
                0x000000001000706c                cyhal_connect_pin
 .text.cyhal_disconnect_pin
                0x00000000100070bc       0x30 modules/hal_infineon/libmodules_hal_infineon.a(cyhal_interconnect.c.obj)
                0x00000000100070bc                cyhal_disconnect_pin
 .text._cyhal_syspm_register_peripheral_callback
                0x00000000100070ec       0x24 modules/hal_infineon/libmodules_hal_infineon.a(cyhal_syspm.c.obj)
                0x00000000100070ec                _cyhal_syspm_register_peripheral_callback
 .text._cyhal_syspm_unregister_peripheral_callback
                0x0000000010007110       0x10 modules/hal_infineon/libmodules_hal_infineon.a(cyhal_syspm.c.obj)
                0x0000000010007110                _cyhal_syspm_unregister_peripheral_callback
 .text._cyhal_utils_calculate_tolerance
                0x0000000010007120       0x44 modules/hal_infineon/libmodules_hal_infineon.a(cyhal_utils_psoc.c.obj)
                0x0000000010007120                _cyhal_utils_calculate_tolerance
 .text._cyhal_utils_get_clock_count
                0x0000000010007164       0x10 modules/hal_infineon/libmodules_hal_infineon.a(cyhal_utils_psoc.c.obj)
                0x0000000010007164                _cyhal_utils_get_clock_count
 .text._cyhal_utils_allocate_clock
                0x0000000010007174       0xe8 modules/hal_infineon/libmodules_hal_infineon.a(cyhal_utils_psoc.c.obj)
                0x0000000010007174                _cyhal_utils_allocate_clock
 .text.z_sys_init_run_level
                0x000000001000725c       0x48 zephyr/kernel/libkernel.a(init.c.obj)
 .text.bg_thread_main
                0x00000000100072a4       0x34 zephyr/kernel/libkernel.a(init.c.obj)
 .text.z_bss_zero
                0x00000000100072d8       0x18 zephyr/kernel/libkernel.a(init.c.obj)
                0x00000000100072d8                z_bss_zero
 .text.z_init_cpu
                0x00000000100072f0       0x8c zephyr/kernel/libkernel.a(init.c.obj)
                0x00000000100072f0                z_init_cpu
 .text.z_cstart
                0x000000001000737c       0xd4 zephyr/kernel/libkernel.a(init.c.obj)
                0x000000001000737c                z_cstart
 .text.z_setup_new_thread
                0x0000000010007450       0x64 zephyr/kernel/libkernel.a(thread.c.obj)
                0x0000000010007450                z_setup_new_thread
 .text.z_init_static_threads
                0x00000000100074b4       0x98 zephyr/kernel/libkernel.a(thread.c.obj)
                0x00000000100074b4                z_init_static_threads
 .text.sliceable
                0x000000001000754c       0x3c zephyr/kernel/libkernel.a(sched.c.obj)
 .text.slice_timeout
                0x0000000010007588       0x20 zephyr/kernel/libkernel.a(sched.c.obj)
 .text.z_reset_time_slice
                0x00000000100075a8       0x50 zephyr/kernel/libkernel.a(sched.c.obj)
                0x00000000100075a8                z_reset_time_slice
 .text.update_cache
                0x00000000100075f8       0x3c zephyr/kernel/libkernel.a(sched.c.obj)
 .text.move_thread_to_end_of_prio_q
                0x0000000010007634       0x74 zephyr/kernel/libkernel.a(sched.c.obj)
 .text.ready_thread
                0x00000000100076a8       0x68 zephyr/kernel/libkernel.a(sched.c.obj)
 .text.unready_thread
                0x0000000010007710       0x30 zephyr/kernel/libkernel.a(sched.c.obj)
 .text.z_time_slice
                0x0000000010007740       0x60 zephyr/kernel/libkernel.a(sched.c.obj)
                0x0000000010007740                z_time_slice
 .text.z_reschedule
                0x00000000100077a0       0x24 zephyr/kernel/libkernel.a(sched.c.obj)
                0x00000000100077a0                z_reschedule
 .text.z_sched_start
                0x00000000100077c4       0x3c zephyr/kernel/libkernel.a(sched.c.obj)
                0x00000000100077c4                z_sched_start
 .text.z_impl_k_thread_suspend
                0x0000000010007800       0x64 zephyr/kernel/libkernel.a(sched.c.obj)
                0x0000000010007800                z_impl_k_thread_suspend
 .text.k_sched_lock
                0x0000000010007864       0x28 zephyr/kernel/libkernel.a(sched.c.obj)
                0x0000000010007864                k_sched_lock
 .text.k_sched_unlock
                0x000000001000788c       0x38 zephyr/kernel/libkernel.a(sched.c.obj)
                0x000000001000788c                k_sched_unlock
 .text.z_sched_init
                0x00000000100078c4       0x10 zephyr/kernel/libkernel.a(sched.c.obj)
                0x00000000100078c4                z_sched_init
 .text.z_impl_k_yield
                0x00000000100078d4       0x7c zephyr/kernel/libkernel.a(sched.c.obj)
                0x00000000100078d4                z_impl_k_yield
 .text.z_tick_sleep
                0x0000000010007950       0x88 zephyr/kernel/libkernel.a(sched.c.obj)
 .text.z_impl_k_sleep
                0x00000000100079d8       0x30 zephyr/kernel/libkernel.a(sched.c.obj)
                0x00000000100079d8                z_impl_k_sleep
 .text.z_impl_z_current_get
                0x0000000010007a08        0xc zephyr/kernel/libkernel.a(sched.c.obj)
                0x0000000010007a08                z_impl_z_current_get
 .text.z_thread_abort
                0x0000000010007a14       0xc0 zephyr/kernel/libkernel.a(sched.c.obj)
                0x0000000010007a14                z_thread_abort
 .text.z_data_copy
                0x0000000010007ad4       0x34 zephyr/kernel/libkernel.a(xip.c.obj)
                0x0000000010007ad4                z_data_copy
 .text.elapsed  0x0000000010007b08       0x14 zephyr/kernel/libkernel.a(timeout.c.obj)
 .text.next_timeout
                0x0000000010007b1c       0x40 zephyr/kernel/libkernel.a(timeout.c.obj)
 .text.remove_timeout
                0x0000000010007b5c       0x38 zephyr/kernel/libkernel.a(timeout.c.obj)
 .text.z_add_timeout
                0x0000000010007b94       0xec zephyr/kernel/libkernel.a(timeout.c.obj)
                0x0000000010007b94                z_add_timeout
 .text.sys_clock_announce
                0x0000000010007c80       0xd4 zephyr/kernel/libkernel.a(timeout.c.obj)
                0x0000000010007c80                sys_clock_announce
 .text.sys_clock_tick_get
                0x0000000010007d54       0x34 zephyr/kernel/libkernel.a(timeout.c.obj)
                0x0000000010007d54                sys_clock_tick_get
 .text.boot_banner
                0x0000000010007d88        0xc zephyr/kernel/libkernel.a(banner.c.obj)
                0x0000000010007d88                boot_banner
 .text._OffsetAbsSyms
                0x0000000010007d94        0x2 zephyr/CMakeFiles/offsets.dir/./arch/arm/core/offsets/offsets.c.obj
                0x0000000010007d94                _OffsetAbsSyms
 .text.gpio_pin_configure_dt
                0x0000000010007d96       0x2a app/libapp.a(main.c.obj)
 .text.arch_printk_char_out
                0x0000000010007dc0        0x4 zephyr/libzephyr.a(printk.c.obj)
                0x0000000010007dc0                arch_printk_char_out
 .text.printk   0x0000000010007dc4       0x1a zephyr/libzephyr.a(printk.c.obj)
                0x0000000010007dc4                printk
 .text.z_thread_entry
                0x0000000010007dde       0x14 zephyr/libzephyr.a(thread_entry.c.obj)
                0x0000000010007dde                z_thread_entry
 .text.encode_uint
                0x0000000010007df2       0x8c zephyr/libzephyr.a(cbprintf_complete.c.obj)
 .text.outs     0x0000000010007e7e       0x2e zephyr/libzephyr.a(cbprintf_complete.c.obj)
 .text._ConfigAbsSyms
                0x0000000010007eac        0x2 zephyr/libzephyr.a(configs.c.obj)
                0x0000000010007eac                _ConfigAbsSyms
 .text.init_cycfg_platform_wraper
                0x0000000010007eae        0xa zephyr/libzephyr.a(soc.c.obj)
 .text.Cy_SysInt_Init
                0x0000000010007eb8       0x28 zephyr/libzephyr.a(soc.c.obj)
                0x0000000010007eb8                Cy_SysInt_Init
 .text.z_arm_fatal_error
                0x0000000010007ee0        0x4 zephyr/arch/arch/arm/core/aarch32/libarch__arm__core__aarch32.a(fatal.c.obj)
                0x0000000010007ee0                z_arm_fatal_error
 .text.z_do_kernel_oops
                0x0000000010007ee4        0x8 zephyr/arch/arch/arm/core/aarch32/libarch__arm__core__aarch32.a(fatal.c.obj)
                0x0000000010007ee4                z_do_kernel_oops
 .text.z_irq_spurious
                0x0000000010007eec        0x8 zephyr/arch/arch/arm/core/aarch32/libarch__arm__core__aarch32.a(irq_manage.c.obj)
                0x0000000010007eec                z_irq_spurious
 .text.arch_irq_connect_dynamic
                0x0000000010007ef4       0x1a zephyr/arch/arch/arm/core/aarch32/libarch__arm__core__aarch32.a(irq_manage.c.obj)
                0x0000000010007ef4                arch_irq_connect_dynamic
 .text.z_arm_nmi
                0x0000000010007f0e        0xe zephyr/arch/arch/arm/core/aarch32/libarch__arm__core__aarch32.a(nmi.c.obj)
                0x0000000010007f0e                z_arm_nmi
 .text.strlen   0x0000000010007f1c        0xe zephyr/lib/libc/minimal/liblib__libc__minimal.a(string.c.obj)
                0x0000000010007f1c                strlen
 .text.memcpy   0x0000000010007f2a       0x16 zephyr/lib/libc/minimal/liblib__libc__minimal.a(string.c.obj)
                0x0000000010007f2a                memcpy
 .text.memset   0x0000000010007f40       0x12 zephyr/lib/libc/minimal/liblib__libc__minimal.a(string.c.obj)
                0x0000000010007f40                memset
 .text._stdout_hook_default
                0x0000000010007f52        0x6 zephyr/lib/libc/minimal/liblib__libc__minimal.a(stdout_console.c.obj)
 .text.strnlen  0x0000000010007f58       0x12 zephyr/lib/libc/common/liblib__libc__common.a(strnlen.c.obj)
                0x0000000010007f58                strnlen
 .text.clock_control_infineon_cat_on_off
                0x0000000010007f6a        0x6 zephyr/drivers/clock_control/libdrivers__clock_control.a(clock_control_ifx_cat1.c.obj)
 .text.gpio_cat1_port_get_raw
                0x0000000010007f70        0xc zephyr/drivers/gpio/libdrivers__gpio.a(gpio_ifx_cat1.c.obj)
 .text.gpio_cat1_port_set_masked_raw
                0x0000000010007f7c       0x12 zephyr/drivers/gpio/libdrivers__gpio.a(gpio_ifx_cat1.c.obj)
 .text.gpio_cat1_port_set_bits_raw
                0x0000000010007f8e        0xa zephyr/drivers/gpio/libdrivers__gpio.a(gpio_ifx_cat1.c.obj)
 .text.gpio_cat1_port_clear_bits_raw
                0x0000000010007f98        0xa zephyr/drivers/gpio/libdrivers__gpio.a(gpio_ifx_cat1.c.obj)
 .text.gpio_cat1_port_toggle_bits
                0x0000000010007fa2        0xa zephyr/drivers/gpio/libdrivers__gpio.a(gpio_ifx_cat1.c.obj)
 .text.gpio_cat1_get_pending_int
                0x0000000010007fac        0x8 zephyr/drivers/gpio/libdrivers__gpio.a(gpio_ifx_cat1.c.obj)
 .text.gpio_cat1_manage_callback
                0x0000000010007fb4       0x52 zephyr/drivers/gpio/libdrivers__gpio.a(gpio_ifx_cat1.c.obj)
 .text.pinctrl_lookup_state
                0x0000000010008006       0x26 zephyr/drivers/pinctrl/libdrivers__pinctrl.a(common.c.obj)
                0x0000000010008006                pinctrl_lookup_state
 .text.ifx_cat1_uart_err_check
                0x000000001000802c       0x1e zephyr/drivers/serial/libdrivers__serial.a(uart_ifx_cat1.c.obj)
 .text.ifx_cat1_uart_config_get
                0x000000001000804a       0x18 zephyr/drivers/serial/libdrivers__serial.a(uart_ifx_cat1.c.obj)
 .text.ifx_cat1_uart_configure
                0x0000000010008062       0x82 zephyr/drivers/serial/libdrivers__serial.a(uart_ifx_cat1.c.obj)
 .text.ifx_cat1_uart_poll_out
                0x00000000100080e4        0x6 zephyr/drivers/serial/libdrivers__serial.a(uart_ifx_cat1.c.obj)
 .text.ifx_cat1_uart_poll_in
                0x00000000100080ea       0x16 zephyr/drivers/serial/libdrivers__serial.a(uart_ifx_cat1.c.obj)
 .text.Cy_SysIpcPipeIsrCm4
                0x0000000010008100        0x6 modules/hal_infineon/libmodules_hal_infineon.a(system_psoc6_cm4.c.obj)
                0x0000000010008100                Cy_SysIpcPipeIsrCm4
 .text.Cy_SystemInit
                0x0000000010008106        0x2 modules/hal_infineon/libmodules_hal_infineon.a(system_psoc6_cm4.c.obj)
                0x0000000010008106                Cy_SystemInit
 .text.Cy_SCB_GetFifoSize
                0x0000000010008108        0xe modules/hal_infineon/libmodules_hal_infineon.a(cy_scb_uart.c.obj)
 .text.Cy_SCB_SetRxFifoLevel
                0x0000000010008116       0x20 modules/hal_infineon/libmodules_hal_infineon.a(cy_scb_uart.c.obj)
 .text.SelectRxFifoLevel
                0x0000000010008136       0x16 modules/hal_infineon/libmodules_hal_infineon.a(cy_scb_uart.c.obj)
 .text.Cy_SCB_UART_Disable
                0x000000001000814c       0x16 modules/hal_infineon/libmodules_hal_infineon.a(cy_scb_uart.c.obj)
                0x000000001000814c                Cy_SCB_UART_Disable
 .text.Cy_SCB_UART_GetNumInRingBuffer
                0x0000000010008162       0x14 modules/hal_infineon/libmodules_hal_infineon.a(cy_scb_uart.c.obj)
                0x0000000010008162                Cy_SCB_UART_GetNumInRingBuffer
 .text.Cy_SCB_UART_GetReceiveStatus
                0x0000000010008176        0x4 modules/hal_infineon/libmodules_hal_infineon.a(cy_scb_uart.c.obj)
                0x0000000010008176                Cy_SCB_UART_GetReceiveStatus
 .text.Cy_SCB_UART_GetTransmitStatus
                0x000000001000817a        0x4 modules/hal_infineon/libmodules_hal_infineon.a(cy_scb_uart.c.obj)
                0x000000001000817a                Cy_SCB_UART_GetTransmitStatus
 .text.Cy_SCB_UART_Interrupt
                0x000000001000817e      0x28c modules/hal_infineon/libmodules_hal_infineon.a(cy_scb_uart.c.obj)
                0x000000001000817e                Cy_SCB_UART_Interrupt
 .text.Cy_SCB_ReadArrayNoCheck
                0x000000001000840a       0x2e modules/hal_infineon/libmodules_hal_infineon.a(cy_scb_common.c.obj)
                0x000000001000840a                Cy_SCB_ReadArrayNoCheck
 .text.Cy_SCB_ReadArray
                0x0000000010008438       0x1a modules/hal_infineon/libmodules_hal_infineon.a(cy_scb_common.c.obj)
                0x0000000010008438                Cy_SCB_ReadArray
 .text.Cy_SCB_Write
                0x0000000010008452       0x22 modules/hal_infineon/libmodules_hal_infineon.a(cy_scb_common.c.obj)
                0x0000000010008452                Cy_SCB_Write
 .text.Cy_SCB_WriteArrayNoCheck
                0x0000000010008474       0x2e modules/hal_infineon/libmodules_hal_infineon.a(cy_scb_common.c.obj)
                0x0000000010008474                Cy_SCB_WriteArrayNoCheck
 .text.Cy_SCB_WriteArray
                0x00000000100084a2       0x28 modules/hal_infineon/libmodules_hal_infineon.a(cy_scb_common.c.obj)
                0x00000000100084a2                Cy_SCB_WriteArray
 .text.Cy_GPIO_Read
                0x00000000100084ca       0x10 modules/hal_infineon/libmodules_hal_infineon.a(cy_gpio.c.obj)
                0x00000000100084ca                Cy_GPIO_Read
 .text.Cy_GPIO_Write
                0x00000000100084da       0x1e modules/hal_infineon/libmodules_hal_infineon.a(cy_gpio.c.obj)
                0x00000000100084da                Cy_GPIO_Write
 .text.Cy_GPIO_Set
                0x00000000100084f8        0xe modules/hal_infineon/libmodules_hal_infineon.a(cy_gpio.c.obj)
                0x00000000100084f8                Cy_GPIO_Set
 .text.Cy_GPIO_ClearInterrupt
                0x0000000010008506       0x12 modules/hal_infineon/libmodules_hal_infineon.a(cy_gpio.c.obj)
                0x0000000010008506                Cy_GPIO_ClearInterrupt
 .text.Cy_GPIO_SetInterruptMask
                0x0000000010008518       0x26 modules/hal_infineon/libmodules_hal_infineon.a(cy_gpio.c.obj)
                0x0000000010008518                Cy_GPIO_SetInterruptMask
 .text.Cy_GPIO_GetInterruptStatusMasked
                0x000000001000853e       0x10 modules/hal_infineon/libmodules_hal_infineon.a(cy_gpio.c.obj)
                0x000000001000853e                Cy_GPIO_GetInterruptStatusMasked
 .text.Cy_SysClk_ClkPumpGetFrequency
                0x000000001000854e       0x1c modules/hal_infineon/libmodules_hal_infineon.a(cy_sysclk.c.obj)
                0x000000001000854e                Cy_SysClk_ClkPumpGetFrequency
 .text.Cy_SysClk_ClkHfGetFrequency
                0x000000001000856a       0x20 modules/hal_infineon/libmodules_hal_infineon.a(cy_sysclk.c.obj)
                0x000000001000856a                Cy_SysClk_ClkHfGetFrequency
 .text.Cy_SysClk_ClkPeriGetFrequency
                0x000000001000858a       0x1a modules/hal_infineon/libmodules_hal_infineon.a(cy_sysclk.c.obj)
                0x000000001000858a                Cy_SysClk_ClkPeriGetFrequency
 .text.Cy_SysClk_ClkSlowGetFrequency
                0x00000000100085a4       0x18 modules/hal_infineon/libmodules_hal_infineon.a(cy_sysclk.c.obj)
                0x00000000100085a4                Cy_SysClk_ClkSlowGetFrequency
 .text.Cy_SysClk_PeriphGetFrequency
                0x00000000100085bc       0x7c modules/hal_infineon/libmodules_hal_infineon.a(cy_sysclk.c.obj)
                0x00000000100085bc                Cy_SysClk_PeriphGetFrequency
 .text.Cy_SysClk_ClkFastGetFrequency
                0x0000000010008638       0x1a modules/hal_infineon/libmodules_hal_infineon.a(cy_sysclk.c.obj)
                0x0000000010008638                Cy_SysClk_ClkFastGetFrequency
 .text.Cy_SysPm_IsSystemUlp
                0x0000000010008652        0xc modules/hal_infineon/libmodules_hal_infineon.a(cy_syspm.c.obj)
                0x0000000010008652                Cy_SysPm_IsSystemUlp
 .text.Cy_SCB_SetTxInterruptMask
                0x000000001000865e       0x12 modules/hal_infineon/libmodules_hal_infineon.a(cyhal_uart.c.obj)
 .text._cyhal_uart_convert_stopbits
                0x0000000010008670       0x20 modules/hal_infineon/libmodules_hal_infineon.a(cyhal_uart.c.obj)
 .text._cyhal_uart_irq_handler
                0x0000000010008690       0xa0 modules/hal_infineon/libmodules_hal_infineon.a(cyhal_uart.c.obj)
 .text.cyhal_uart_init_cfg
                0x0000000010008730       0x82 modules/hal_infineon/libmodules_hal_infineon.a(cyhal_uart.c.obj)
                0x0000000010008730                cyhal_uart_init_cfg
 .text.cyhal_uart_configure
                0x00000000100087b2       0x5a modules/hal_infineon/libmodules_hal_infineon.a(cyhal_uart.c.obj)
                0x00000000100087b2                cyhal_uart_configure
 .text._cyhal_scb_find_map
                0x000000001000880c       0x68 modules/hal_infineon/libmodules_hal_infineon.a(cyhal_scb_common.c.obj)
                0x000000001000880c                _cyhal_scb_find_map
 .text._cyhal_clock_is_enabled_true
                0x0000000010008874        0x4 modules/hal_infineon/libmodules_hal_infineon.a(cyhal_clock.c.obj)
 .text._cyhal_clock_get_sources_none
                0x0000000010008878        0x6 modules/hal_infineon/libmodules_hal_infineon.a(cyhal_clock.c.obj)
 .text._cyhal_clock_get_frequency_ilo
                0x000000001000887e        0x6 modules/hal_infineon/libmodules_hal_infineon.a(cyhal_clock.c.obj)
 .text._cyhal_clock_get_frequency_alt_sys_tick
                0x0000000010008884        0x6 modules/hal_infineon/libmodules_hal_infineon.a(cyhal_clock.c.obj)
 .text._cyhal_clock_get_frequency_ext
                0x000000001000888a        0x4 modules/hal_infineon/libmodules_hal_infineon.a(cyhal_clock.c.obj)
 .text._cyhal_clock_is_enabled_ext
                0x000000001000888e        0xe modules/hal_infineon/libmodules_hal_infineon.a(cyhal_clock.c.obj)
 .text._cyhal_clock_get_frequency_eco
                0x000000001000889c        0x4 modules/hal_infineon/libmodules_hal_infineon.a(cyhal_clock.c.obj)
 .text._cyhal_clock_get_frequency_hf
                0x00000000100088a0        0x6 modules/hal_infineon/libmodules_hal_infineon.a(cyhal_clock.c.obj)
 .text._cyhal_clock_get_frequency_pathmux
                0x00000000100088a6        0x6 modules/hal_infineon/libmodules_hal_infineon.a(cyhal_clock.c.obj)
 .text._cyhal_clock_is_enabled_pll
                0x00000000100088ac        0x8 modules/hal_infineon/libmodules_hal_infineon.a(cyhal_clock.c.obj)
 .text._cyhal_clock_set_frequency_pll
                0x00000000100088b4       0xd2 modules/hal_infineon/libmodules_hal_infineon.a(cyhal_clock.c.obj)
 .text._cyhal_clock_set_enabled_pll
                0x0000000010008986       0xce modules/hal_infineon/libmodules_hal_infineon.a(cyhal_clock.c.obj)
 .text._cyhal_clock_get_frequency_pll
                0x0000000010008a54        0x8 modules/hal_infineon/libmodules_hal_infineon.a(cyhal_clock.c.obj)
 .text._cyhal_clock_get_frequency_fll
                0x0000000010008a5c        0x6 modules/hal_infineon/libmodules_hal_infineon.a(cyhal_clock.c.obj)
 .text._cyhal_clock_set_frequency_ext
                0x0000000010008a62        0xc modules/hal_infineon/libmodules_hal_infineon.a(cyhal_clock.c.obj)
 .text._cyhal_clock_set_enabled_ilo
                0x0000000010008a6e       0x12 modules/hal_infineon/libmodules_hal_infineon.a(cyhal_clock.c.obj)
 .text._cyhal_clock_is_enabled_ilo
                0x0000000010008a80        0x4 modules/hal_infineon/libmodules_hal_infineon.a(cyhal_clock.c.obj)
 .text._cyhal_clock_get_frequency_pump
                0x0000000010008a84        0x4 modules/hal_infineon/libmodules_hal_infineon.a(cyhal_clock.c.obj)
 .text._cyhal_clock_set_enabled_pump
                0x0000000010008a88       0x12 modules/hal_infineon/libmodules_hal_infineon.a(cyhal_clock.c.obj)
 .text._cyhal_clock_is_enabled_pump
                0x0000000010008a9a        0x4 modules/hal_infineon/libmodules_hal_infineon.a(cyhal_clock.c.obj)
 .text._cyhal_clock_get_frequency_bak
                0x0000000010008a9e       0x1c modules/hal_infineon/libmodules_hal_infineon.a(cyhal_clock.c.obj)
 .text._cyhal_clock_is_enabled_hf
                0x0000000010008aba        0x6 modules/hal_infineon/libmodules_hal_infineon.a(cyhal_clock.c.obj)
 .text._cyhal_clock_is_enabled_fll
                0x0000000010008ac0        0x4 modules/hal_infineon/libmodules_hal_infineon.a(cyhal_clock.c.obj)
 .text._cyhal_clock_set_frequency_fast
                0x0000000010008ac4       0x34 modules/hal_infineon/libmodules_hal_infineon.a(cyhal_clock.c.obj)
 .text._cyhal_clock_get_frequency_fast
                0x0000000010008af8        0x4 modules/hal_infineon/libmodules_hal_infineon.a(cyhal_clock.c.obj)
 .text._cyhal_clock_set_frequency_peri
                0x0000000010008afc       0x34 modules/hal_infineon/libmodules_hal_infineon.a(cyhal_clock.c.obj)
 .text._cyhal_clock_get_frequency_peri
                0x0000000010008b30        0x4 modules/hal_infineon/libmodules_hal_infineon.a(cyhal_clock.c.obj)
 .text._cyhal_clock_get_frequency_timer
                0x0000000010008b34        0x4 modules/hal_infineon/libmodules_hal_infineon.a(cyhal_clock.c.obj)
 .text._cyhal_clock_set_enabled_timer
                0x0000000010008b38       0x12 modules/hal_infineon/libmodules_hal_infineon.a(cyhal_clock.c.obj)
 .text._cyhal_clock_is_enabled_timer
                0x0000000010008b4a        0x4 modules/hal_infineon/libmodules_hal_infineon.a(cyhal_clock.c.obj)
 .text._cyhal_clock_set_frequency_slow
                0x0000000010008b4e       0x32 modules/hal_infineon/libmodules_hal_infineon.a(cyhal_clock.c.obj)
 .text._cyhal_clock_get_frequency_slow
                0x0000000010008b80        0x4 modules/hal_infineon/libmodules_hal_infineon.a(cyhal_clock.c.obj)
 .text._cyhal_clock_set_frequency_peripheral
                0x0000000010008b84       0x78 modules/hal_infineon/libmodules_hal_infineon.a(cyhal_clock.c.obj)
 .text._cyhal_clock_get_frequency_peripheral
                0x0000000010008bfc        0xc modules/hal_infineon/libmodules_hal_infineon.a(cyhal_clock.c.obj)
 .text._cyhal_clock_set_enabled_peripheral
                0x0000000010008c08       0x1c modules/hal_infineon/libmodules_hal_infineon.a(cyhal_clock.c.obj)
 .text._cyhal_clock_is_enabled_peripheral
                0x0000000010008c24        0xc modules/hal_infineon/libmodules_hal_infineon.a(cyhal_clock.c.obj)
 .text._cyhal_clock_set_enabled_hf
                0x0000000010008c30        0xc modules/hal_infineon/libmodules_hal_infineon.a(cyhal_clock.c.obj)
 .text._cyhal_clock_get_frequency_wco
                0x0000000010008c3c        0x6 modules/hal_infineon/libmodules_hal_infineon.a(cyhal_clock.c.obj)
 .text._cyhal_clock_set_divider_peripheral
                0x0000000010008c42       0x20 modules/hal_infineon/libmodules_hal_infineon.a(cyhal_clock.c.obj)
 .text._cyhal_clock_get_frequency_lf
                0x0000000010008c62       0x16 modules/hal_infineon/libmodules_hal_infineon.a(cyhal_clock.c.obj)
 .text.cyhal_clock_reserve
                0x0000000010008c78       0x3e modules/hal_infineon/libmodules_hal_infineon.a(cyhal_clock.c.obj)
                0x0000000010008c78                cyhal_clock_reserve
 .text.cyhal_clock_set_enabled
                0x0000000010008cb6       0x1c modules/hal_infineon/libmodules_hal_infineon.a(cyhal_clock.c.obj)
                0x0000000010008cb6                cyhal_clock_set_enabled
 .text.cyhal_clock_set_divider
                0x0000000010008cd2       0x1c modules/hal_infineon/libmodules_hal_infineon.a(cyhal_clock.c.obj)
                0x0000000010008cd2                cyhal_clock_set_divider
 .text._cyhal_gpio_convert_drive_mode
                0x0000000010008cee       0x46 modules/hal_infineon/libmodules_hal_infineon.a(cyhal_gpio.c.obj)
 .text.cyhal_gpio_init
                0x0000000010008d34       0x4e modules/hal_infineon/libmodules_hal_infineon.a(cyhal_gpio.c.obj)
                0x0000000010008d34                cyhal_gpio_init
 .text._cyhal_disconnect_signal
                0x0000000010008d82        0x6 modules/hal_infineon/libmodules_hal_infineon.a(cyhal_interconnect.c.obj)
                0x0000000010008d82                _cyhal_disconnect_signal
 .text._cyhal_syspm_remove_callback_from_list
                0x0000000010008d88       0x2e modules/hal_infineon/libmodules_hal_infineon.a(cyhal_syspm.c.obj)
 .text._cyhal_utils_reserve_and_connect
                0x0000000010008db6       0x3e modules/hal_infineon/libmodules_hal_infineon.a(cyhal_utils_psoc.c.obj)
                0x0000000010008db6                _cyhal_utils_reserve_and_connect
 .text._cyhal_utils_disconnect_and_free
                0x0000000010008df4       0x2a modules/hal_infineon/libmodules_hal_infineon.a(cyhal_utils_psoc.c.obj)
                0x0000000010008df4                _cyhal_utils_disconnect_and_free
 .text._cyhal_utils_convert_haltopdl_pm_mode
                0x0000000010008e1e       0x18 modules/hal_infineon/libmodules_hal_infineon.a(cyhal_utils_psoc.c.obj)
                0x0000000010008e1e                _cyhal_utils_convert_haltopdl_pm_mode
 .text.z_device_state_init
                0x0000000010008e36        0x2 zephyr/kernel/libkernel.a(device.c.obj)
                0x0000000010008e36                z_device_state_init
 .text.z_device_is_ready
                0x0000000010008e38       0x16 zephyr/kernel/libkernel.a(device.c.obj)
                0x0000000010008e38                z_device_is_ready
 .text.arch_system_halt
                0x0000000010008e4e       0x12 zephyr/kernel/libkernel.a(fatal.c.obj)
                0x0000000010008e4e                arch_system_halt
 .text.k_sys_fatal_error_handler
                0x0000000010008e60        0x6 zephyr/kernel/libkernel.a(fatal.c.obj)
                0x0000000010008e60                k_sys_fatal_error_handler
 .text.z_fatal_error
                0x0000000010008e66       0x36 zephyr/kernel/libkernel.a(fatal.c.obj)
                0x0000000010008e66                z_fatal_error
 .text.z_early_memset
                0x0000000010008e9c        0x4 zephyr/kernel/libkernel.a(init.c.obj)
                0x0000000010008e9c                z_early_memset
 .text.z_early_memcpy
                0x0000000010008ea0        0x4 zephyr/kernel/libkernel.a(init.c.obj)
                0x0000000010008ea0                z_early_memcpy
 .text.idle     0x0000000010008ea4       0x18 zephyr/kernel/libkernel.a(idle.c.obj)
                0x0000000010008ea4                idle
 .text.sys_dlist_remove
                0x0000000010008ebc       0x10 zephyr/kernel/libkernel.a(sched.c.obj)
 .text.unpend_thread_no_timeout
                0x0000000010008ecc       0x14 zephyr/kernel/libkernel.a(sched.c.obj)
 .text.z_ready_thread
                0x0000000010008ee0       0x20 zephyr/kernel/libkernel.a(sched.c.obj)
                0x0000000010008ee0                z_ready_thread
 .text.z_sched_wake_thread
                0x0000000010008f00       0x44 zephyr/kernel/libkernel.a(sched.c.obj)
                0x0000000010008f00                z_sched_wake_thread
 .text.z_thread_timeout
                0x0000000010008f44        0x8 zephyr/kernel/libkernel.a(sched.c.obj)
                0x0000000010008f44                z_thread_timeout
 .text.z_reschedule_irqlock
                0x0000000010008f4c       0x18 zephyr/kernel/libkernel.a(sched.c.obj)
                0x0000000010008f4c                z_reschedule_irqlock
 .text.z_reschedule_unlocked
                0x0000000010008f64       0x14 zephyr/kernel/libkernel.a(sched.c.obj)
 .text.z_abort_timeout
                0x0000000010008f78       0x2c zephyr/kernel/libkernel.a(timeout.c.obj)
                0x0000000010008f78                z_abort_timeout
 .text.sys_clock_tick_get_32
                0x0000000010008fa4        0x8 zephyr/kernel/libkernel.a(timeout.c.obj)
                0x0000000010008fa4                sys_clock_tick_get_32
 *(SORT_BY_ALIGNMENT(.TEXT.*))
 *(SORT_BY_ALIGNMENT(.gnu.linkonce.t.*))
 *(SORT_BY_ALIGNMENT(.glue_7t))
 .glue_7t       0x0000000010008fac        0x0 linker stubs
 *(SORT_BY_ALIGNMENT(.glue_7))
 .glue_7        0x0000000010008fac        0x0 linker stubs
 *(SORT_BY_ALIGNMENT(.vfp11_veneer))
 .vfp11_veneer  0x0000000010008fac        0x0 linker stubs
 *(SORT_BY_ALIGNMENT(.v4_bx))
 .v4_bx         0x0000000010008fac        0x0 linker stubs
                0x0000000010008fac                . = ALIGN (0x4)
                0x0000000010008fac                __text_region_end = .

.ARM.exidx      0x0000000010008fac        0x8
                0x0000000010008fac                __exidx_start = .
 *(SORT_BY_ALIGNMENT(.ARM.exidx*) SORT_BY_ALIGNMENT(gnu.linkonce.armexidx.*))
 .ARM.exidx     0x0000000010008fac        0x8 c:/users/udayakumar/zephyr-sdk-0.16.1/arm-zephyr-eabi/bin/../lib/gcc/arm-zephyr-eabi/12.2.0/thumb/v7e-m/nofp\libgcc.a(_udivmoddi4.o)
                0x0000000010008fb4                __exidx_end = .
                0x0000000010008fb4                __rodata_region_start = .

initlevel       0x0000000010008fb4       0x68
                0x0000000010008fb4                __init_start = .
                0x0000000010008fb4                __init_EARLY_start = .
 *(SORT_BY_NAME(SORT_BY_ALIGNMENT(.z_init_EARLY?_*)))
 *(SORT_BY_NAME(SORT_BY_ALIGNMENT(.z_init_EARLY??_*)))
                0x0000000010008fb4                __init_PRE_KERNEL_1_start = .
 *(SORT_BY_NAME(SORT_BY_ALIGNMENT(.z_init_PRE_KERNEL_1?_*)))
 .z_init_PRE_KERNEL_10_0_
                0x0000000010008fb4        0x8 zephyr/libzephyr.a(soc.c.obj)
 *(SORT_BY_NAME(SORT_BY_ALIGNMENT(.z_init_PRE_KERNEL_1??_*)))
 .z_init_PRE_KERNEL_130_00008_
                0x0000000010008fbc        0x8 zephyr/drivers/clock_control/libdrivers__clock_control.a(clock_control_ifx_cat1.c.obj)
 .z_init_PRE_KERNEL_155_00077_
                0x0000000010008fc4        0x8 zephyr/drivers/serial/libdrivers__serial.a(uart_ifx_cat1.c.obj)
 .z_init_PRE_KERNEL_155_00104_
                0x0000000010008fcc        0x8 zephyr/drivers/serial/libdrivers__serial.a(uart_ifx_cat1.c.obj)
 .z_init_PRE_KERNEL_160_0_
                0x0000000010008fd4        0x8 zephyr/drivers/console/libdrivers__console.a(uart_console.c.obj)
                0x0000000010008fdc                __init_PRE_KERNEL_2_start = .
 *(SORT_BY_NAME(SORT_BY_ALIGNMENT(.z_init_PRE_KERNEL_2?_*)))
 .z_init_PRE_KERNEL_20_0_
                0x0000000010008fdc        0x8 zephyr/drivers/timer/libdrivers__timer.a(cortex_m_systick.c.obj)
 *(SORT_BY_NAME(SORT_BY_ALIGNMENT(.z_init_PRE_KERNEL_2??_*)))
                0x0000000010008fe4                __init_POST_KERNEL_start = .
 *(SORT_BY_NAME(SORT_BY_ALIGNMENT(.z_init_POST_KERNEL?_*)))
 *(SORT_BY_NAME(SORT_BY_ALIGNMENT(.z_init_POST_KERNEL??_*)))
 .z_init_POST_KERNEL50_00031_
                0x0000000010008fe4        0x8 zephyr/drivers/gpio/libdrivers__gpio.a(gpio_ifx_cat1.c.obj)
 .z_init_POST_KERNEL50_00034_
                0x0000000010008fec        0x8 zephyr/drivers/gpio/libdrivers__gpio.a(gpio_ifx_cat1.c.obj)
 .z_init_POST_KERNEL50_00090_
                0x0000000010008ff4        0x8 zephyr/drivers/gpio/libdrivers__gpio.a(gpio_ifx_cat1.c.obj)
 .z_init_POST_KERNEL50_00091_
                0x0000000010008ffc        0x8 zephyr/drivers/gpio/libdrivers__gpio.a(gpio_ifx_cat1.c.obj)
 .z_init_POST_KERNEL50_00094_
                0x0000000010009004        0x8 zephyr/drivers/gpio/libdrivers__gpio.a(gpio_ifx_cat1.c.obj)
 .z_init_POST_KERNEL50_00097_
                0x000000001000900c        0x8 zephyr/drivers/gpio/libdrivers__gpio.a(gpio_ifx_cat1.c.obj)
 .z_init_POST_KERNEL50_00105_
                0x0000000010009014        0x8 zephyr/drivers/gpio/libdrivers__gpio.a(gpio_ifx_cat1.c.obj)
                0x000000001000901c                __init_APPLICATION_start = .
 *(SORT_BY_NAME(SORT_BY_ALIGNMENT(.z_init_APPLICATION?_*)))
 *(SORT_BY_NAME(SORT_BY_ALIGNMENT(.z_init_APPLICATION??_*)))
                0x000000001000901c                __init_SMP_start = .
 *(SORT_BY_NAME(SORT_BY_ALIGNMENT(.z_init_SMP?_*)))
 *(SORT_BY_NAME(SORT_BY_ALIGNMENT(.z_init_SMP??_*)))
                0x000000001000901c                __init_end = .

device_area     0x000000001000901c       0xc8
                0x000000001000901c                _device_list_start = .
 *(SORT_BY_NAME(SORT_BY_ALIGNMENT(._device.static.*_?_*)))
 *(SORT_BY_NAME(SORT_BY_ALIGNMENT(._device.static.*_??_*)))
 ._device.static.1_30_
                0x000000001000901c       0x14 zephyr/drivers/clock_control/libdrivers__clock_control.a(clock_control_ifx_cat1.c.obj)
                0x000000001000901c                __device_dts_ord_8
 ._device.static.1_55_
                0x0000000010009030       0x28 zephyr/drivers/serial/libdrivers__serial.a(uart_ifx_cat1.c.obj)
                0x0000000010009030                __device_dts_ord_77
                0x0000000010009044                __device_dts_ord_104
 ._device.static.3_50_
                0x0000000010009058       0x8c zephyr/drivers/gpio/libdrivers__gpio.a(gpio_ifx_cat1.c.obj)
                0x0000000010009058                __device_dts_ord_34
                0x000000001000906c                __device_dts_ord_97
                0x0000000010009080                __device_dts_ord_94
                0x0000000010009094                __device_dts_ord_91
                0x00000000100090a8                __device_dts_ord_90
                0x00000000100090bc                __device_dts_ord_105
                0x00000000100090d0                __device_dts_ord_31
                0x00000000100090e4                _device_list_end = .

initlevel_error
                0x0000000010008fb4        0x0
 *(SORT_BY_NAME(SORT_BY_ALIGNMENT(.z_init_[_A-Z0-9]*)))
                0x0000000000000001                ASSERT ((SIZEOF (initlevel_error) == 0x0), Undefined initialization levels used.)

app_shmem_regions
                0x00000000100090e4        0x0
                0x00000000100090e4                __app_shmem_regions_start = .
 *(SORT_BY_NAME(SORT_BY_ALIGNMENT(.app_regions.*)))
                0x00000000100090e4                __app_shmem_regions_end = .

k_p4wq_initparam_area
                0x00000000100090e4        0x0
                0x00000000100090e4                _k_p4wq_initparam_list_start = .
 *(SORT_BY_NAME(SORT_BY_ALIGNMENT(._k_p4wq_initparam.static.*)))
                0x00000000100090e4                _k_p4wq_initparam_list_end = .

_static_thread_data_area
                0x00000000100090e4        0x0
                0x00000000100090e4                __static_thread_data_list_start = .
 *(SORT_BY_NAME(SORT_BY_ALIGNMENT(.__static_thread_data.static.*)))
                0x00000000100090e4                __static_thread_data_list_end = .

device_deps     0x00000000100090e4        0x0
                0x00000000100090e4                __device_deps_start = .
 *(SORT_BY_NAME(SORT_BY_ALIGNMENT(.__device_deps_pass2*)))
                0x00000000100090e4                __device_deps_end = .

ztest           0x00000000100090e4        0x0
                0x00000000100090e4                _ztest_expected_result_entry_list_start = .
 *(SORT_BY_NAME(SORT_BY_ALIGNMENT(._ztest_expected_result_entry.static.*)))
                0x00000000100090e4                _ztest_expected_result_entry_list_end = .
                0x00000000100090e4                _ztest_suite_node_list_start = .
 *(SORT_BY_NAME(SORT_BY_ALIGNMENT(._ztest_suite_node.static.*)))
                0x00000000100090e4                _ztest_suite_node_list_end = .
                0x00000000100090e4                _ztest_unit_test_list_start = .
 *(SORT_BY_NAME(SORT_BY_ALIGNMENT(._ztest_unit_test.static.*)))
                0x00000000100090e4                _ztest_unit_test_list_end = .
                0x00000000100090e4                _ztest_test_rule_list_start = .
 *(SORT_BY_NAME(SORT_BY_ALIGNMENT(._ztest_test_rule.static.*)))
                0x00000000100090e4                _ztest_test_rule_list_end = .

bt_l2cap_fixed_chan_area
                0x00000000100090e4        0x0
                0x00000000100090e4                _bt_l2cap_fixed_chan_list_start = .
 *(SORT_BY_NAME(SORT_BY_ALIGNMENT(._bt_l2cap_fixed_chan.static.*)))
                0x00000000100090e4                _bt_l2cap_fixed_chan_list_end = .

bt_gatt_service_static_area
                0x00000000100090e4        0x0
                0x00000000100090e4                _bt_gatt_service_static_list_start = .
 *(SORT_BY_NAME(SORT_BY_ALIGNMENT(._bt_gatt_service_static.static.*)))
                0x00000000100090e4                _bt_gatt_service_static_list_end = .

log_strings_area
                0x00000000100090e4        0x0
                0x00000000100090e4                _log_strings_list_start = .
 *(SORT_BY_NAME(SORT_BY_ALIGNMENT(._log_strings.static.*)))
                0x00000000100090e4                _log_strings_list_end = .

log_const_area  0x00000000100090e4       0x20
                0x00000000100090e4                _log_const_list_start = .
 *(SORT_BY_NAME(SORT_BY_ALIGNMENT(._log_const.static.*)))
 ._log_const.static.log_const_cbprintf_package_
                0x00000000100090e4        0x8 zephyr/libzephyr.a(cbprintf_packaged.c.obj)
                0x00000000100090e4                log_const_cbprintf_package
 ._log_const.static.log_const_gpio_cat1_
                0x00000000100090ec        0x8 zephyr/drivers/gpio/libdrivers__gpio.a(gpio_ifx_cat1.c.obj)
                0x00000000100090ec                log_const_gpio_cat1
 ._log_const.static.log_const_mpu_
                0x00000000100090f4        0x8 zephyr/arch/arch/arm/core/aarch32/mpu/libarch__arm__core__aarch32__mpu.a(arm_core_mpu.c.obj)
                0x00000000100090f4                log_const_mpu
 ._log_const.static.log_const_os_
                0x00000000100090fc        0x8 zephyr/kernel/libkernel.a(init.c.obj)
                0x00000000100090fc                log_const_os
                0x0000000010009104                _log_const_list_end = .

log_backend_area
                0x0000000010009104        0x0
                0x0000000010009104                _log_backend_list_start = .
 *(SORT_BY_NAME(SORT_BY_ALIGNMENT(._log_backend.static.*)))
                0x0000000010009104                _log_backend_list_end = .

log_link_area   0x0000000010009104        0x0
                0x0000000010009104                _log_link_list_start = .
 *(SORT_BY_NAME(SORT_BY_ALIGNMENT(._log_link.static.*)))
                0x0000000010009104                _log_link_list_end = .

tracing_backend_area
                0x0000000010009104        0x0
                0x0000000010009104                _tracing_backend_list_start = .
 *(SORT_BY_NAME(SORT_BY_ALIGNMENT(._tracing_backend.static.*)))
                0x0000000010009104                _tracing_backend_list_end = .

zephyr_dbg_info
 *(SORT_BY_ALIGNMENT(.dbg_thread_info))

symbol_to_keep  0x0000000010009104        0x0
                0x0000000010009104                __symbol_to_keep_start = .
 *(SORT_BY_NAME(SORT_BY_ALIGNMENT(.symbol_to_keep*)))
                0x0000000010009104                __symbol_to_keep_end = .

shell_area      0x0000000010009104        0x0
                0x0000000010009104                _shell_list_start = .
 *(SORT_BY_NAME(SORT_BY_ALIGNMENT(._shell.static.*)))
                0x0000000010009104                _shell_list_end = .

shell_root_cmds_area
                0x0000000010009104        0x0
                0x0000000010009104                _shell_root_cmds_list_start = .
 *(SORT_BY_NAME(SORT_BY_ALIGNMENT(._shell_root_cmds.static.*)))
                0x0000000010009104                _shell_root_cmds_list_end = .

shell_subcmds_area
                0x0000000010009104        0x0
                0x0000000010009104                _shell_subcmds_list_start = .
 *(SORT_BY_NAME(SORT_BY_ALIGNMENT(._shell_subcmds.static.*)))
                0x0000000010009104                _shell_subcmds_list_end = .

shell_dynamic_subcmds_area
                0x0000000010009104        0x0
                0x0000000010009104                _shell_dynamic_subcmds_list_start = .
 *(SORT_BY_NAME(SORT_BY_ALIGNMENT(._shell_dynamic_subcmds.static.*)))
                0x0000000010009104                _shell_dynamic_subcmds_list_end = .

cfb_font_area   0x0000000010009104        0x0
                0x0000000010009104                _cfb_font_list_start = .
 *(SORT_BY_NAME(SORT_BY_ALIGNMENT(._cfb_font.static.*)))
                0x0000000010009104                _cfb_font_list_end = .

rodata          0x0000000010009104     0x10e0
 *(SORT_BY_ALIGNMENT(.rodata))
 .rodata        0x0000000010009104       0x28 modules/hal_infineon/libmodules_hal_infineon.a(cy_sysclk.c.obj)
 *(SORT_BY_ALIGNMENT(.rodata.*))
 .rodata.button
                0x000000001000912c        0x8 app/libapp.a(main.c.obj)
 .rodata.static_regions
                0x0000000010009134        0xc zephyr/arch/arch/arm/core/aarch32/mpu/libarch__arm__core__aarch32__mpu.a(arm_core_mpu.c.obj)
 .rodata.mpu_config
                0x0000000010009140        0x8 zephyr/soc/arm/common/cortex_m/libsoc__arm__common__cortex_m.a(arm_mpu_regions.c.obj)
                0x0000000010009140                mpu_config
 .rodata.mpu_regions
                0x0000000010009148       0x18 zephyr/soc/arm/common/cortex_m/libsoc__arm__common__cortex_m.a(arm_mpu_regions.c.obj)
 .rodata.clock_control_infineon_cat1_api
                0x0000000010009160       0x1c zephyr/drivers/clock_control/libdrivers__clock_control.a(clock_control_ifx_cat1.c.obj)
 .rodata._cat1_gpio6_config
                0x000000001000917c       0x10 zephyr/drivers/gpio/libdrivers__gpio.a(gpio_ifx_cat1.c.obj)
 .rodata._cat1_gpio5_config
                0x000000001000918c       0x10 zephyr/drivers/gpio/libdrivers__gpio.a(gpio_ifx_cat1.c.obj)
 .rodata._cat1_gpio4_config
                0x000000001000919c       0x10 zephyr/drivers/gpio/libdrivers__gpio.a(gpio_ifx_cat1.c.obj)
 .rodata._cat1_gpio3_config
                0x00000000100091ac       0x10 zephyr/drivers/gpio/libdrivers__gpio.a(gpio_ifx_cat1.c.obj)
 .rodata._cat1_gpio2_config
                0x00000000100091bc       0x10 zephyr/drivers/gpio/libdrivers__gpio.a(gpio_ifx_cat1.c.obj)
 .rodata._cat1_gpio1_config
                0x00000000100091cc       0x10 zephyr/drivers/gpio/libdrivers__gpio.a(gpio_ifx_cat1.c.obj)
 .rodata._cat1_gpio0_config
                0x00000000100091dc       0x10 zephyr/drivers/gpio/libdrivers__gpio.a(gpio_ifx_cat1.c.obj)
 .rodata.gpio_cat1_api
                0x00000000100091ec       0x24 zephyr/drivers/gpio/libdrivers__gpio.a(gpio_ifx_cat1.c.obj)
 .rodata.port_dev_obj
                0x0000000010009210       0x3c zephyr/drivers/gpio/libdrivers__gpio.a(gpio_ifx_cat1.c.obj)
 .rodata.gpio_ports
                0x000000001000924c       0x3c zephyr/drivers/pinctrl/libdrivers__pinctrl.a(pinctrl_ifx_cat1.c.obj)
 .rodata.__pinctrl_dev_config__device_dts_ord_77